W1217 19:20:10.799000 1806221 site-packages/torch/distributed/run.py:853] 
W1217 19:20:10.799000 1806221 site-packages/torch/distributed/run.py:853] *****************************************
W1217 19:20:10.799000 1806221 site-packages/torch/distributed/run.py:853] Setting OMP_NUM_THREADS environment variable for each process to be 1 in default, to avoid your system being overloaded, please further tune the variable for optimal performance in your application as needed. 
W1217 19:20:10.799000 1806221 site-packages/torch/distributed/run.py:853] *****************************************
/home/phuc/workspace/moe/moe_ablations/torchtitan/env/lib/python3.10/site-packages/torch/distributed/device_mesh.py:604: UserWarning: Slicing a flattened dim from root mesh will be deprecated in PT 2.11. Users need to bookkeep the flattened mesh directly. 
  sliced_mesh_layout = self._get_slice_mesh_layout(mesh_dim_names)
/home/phuc/workspace/moe/moe_ablations/torchtitan/env/lib/python3.10/site-packages/torch/distributed/device_mesh.py:604: UserWarning: Slicing a flattened dim from root mesh will be deprecated in PT 2.11. Users need to bookkeep the flattened mesh directly. 
  sliced_mesh_layout = self._get_slice_mesh_layout(mesh_dim_names)
/home/phuc/workspace/moe/moe_ablations/torchtitan/env/lib/python3.10/site-packages/torch/distributed/device_mesh.py:604: UserWarning: Slicing a flattened dim from root mesh will be deprecated in PT 2.11. Users need to bookkeep the flattened mesh directly. 
  sliced_mesh_layout = self._get_slice_mesh_layout(mesh_dim_names)
/home/phuc/workspace/moe/moe_ablations/torchtitan/env/lib/python3.10/site-packages/torch/distributed/device_mesh.py:604: UserWarning: Slicing a flattened dim from root mesh will be deprecated in PT 2.11. Users need to bookkeep the flattened mesh directly. 
  sliced_mesh_layout = self._get_slice_mesh_layout(mesh_dim_names)
/home/phuc/workspace/moe/moe_ablations/torchtitan/env/lib/python3.10/site-packages/torch/distributed/device_mesh.py:604: UserWarning: Slicing a flattened dim from root mesh will be deprecated in PT 2.11. Users need to bookkeep the flattened mesh directly. 
  sliced_mesh_layout = self._get_slice_mesh_layout(mesh_dim_names)
/home/phuc/workspace/moe/moe_ablations/torchtitan/env/lib/python3.10/site-packages/torch/distributed/device_mesh.py:604: UserWarning: Slicing a flattened dim from root mesh will be deprecated in PT 2.11. Users need to bookkeep the flattened mesh directly. 
  sliced_mesh_layout = self._get_slice_mesh_layout(mesh_dim_names)
/home/phuc/workspace/moe/moe_ablations/torchtitan/env/lib/python3.10/site-packages/torch/distributed/device_mesh.py:604: UserWarning: Slicing a flattened dim from root mesh will be deprecated in PT 2.11. Users need to bookkeep the flattened mesh directly. 
  sliced_mesh_layout = self._get_slice_mesh_layout(mesh_dim_names)
/home/phuc/workspace/moe/moe_ablations/torchtitan/env/lib/python3.10/site-packages/torch/distributed/device_mesh.py:604: UserWarning: Slicing a flattened dim from root mesh will be deprecated in PT 2.11. Users need to bookkeep the flattened mesh directly. 
  sliced_mesh_layout = self._get_slice_mesh_layout(mesh_dim_names)
/home/phuc/workspace/moe/moe_ablations/torchtitan/env/lib/python3.10/site-packages/torch/distributed/device_mesh.py:604: UserWarning: Slicing a flattened dim from root mesh will be deprecated in PT 2.11. Users need to bookkeep the flattened mesh directly. 
  sliced_mesh_layout = self._get_slice_mesh_layout(mesh_dim_names)
/home/phuc/workspace/moe/moe_ablations/torchtitan/env/lib/python3.10/site-packages/torch/distributed/device_mesh.py:604: UserWarning: Slicing a flattened dim from root mesh will be deprecated in PT 2.11. Users need to bookkeep the flattened mesh directly. 
  sliced_mesh_layout = self._get_slice_mesh_layout(mesh_dim_names)
/home/phuc/workspace/moe/moe_ablations/torchtitan/env/lib/python3.10/site-packages/torch/distributed/device_mesh.py:604: UserWarning: Slicing a flattened dim from root mesh will be deprecated in PT 2.11. Users need to bookkeep the flattened mesh directly. 
  sliced_mesh_layout = self._get_slice_mesh_layout(mesh_dim_names)
wandb: Currently logged in as: phucx (nous_research) to https://api.wandb.ai. Use `wandb login --relogin` to force relogin
wandb: setting up run 0w8efbvl
wandb: Tracking run with wandb version 0.23.1
wandb: Run data is saved locally in outputs/5B_A851M_4k_lbs60_5000steps/tb/20251217-1928/wandb/run-20251217_192832-0w8efbvl
wandb: Run `wandb offline` to turn off syncing.
wandb: Syncing run floral-sponge-625
wandb: ⭐️ View project at https://wandb.ai/nous_research/torchtitan
wandb: 🚀 View run at https://wandb.ai/nous_research/torchtitan/runs/0w8efbvl
/home/phuc/workspace/moe/moe_ablations/torchtitan/env/lib/python3.10/site-packages/torch/distributed/device_mesh.py:604: UserWarning: Slicing a flattened dim from root mesh will be deprecated in PT 2.11. Users need to bookkeep the flattened mesh directly. 
  sliced_mesh_layout = self._get_slice_mesh_layout(mesh_dim_names)
/home/phuc/workspace/moe/moe_ablations/torchtitan/env/lib/python3.10/site-packages/torch/distributed/device_mesh.py:604: UserWarning: Slicing a flattened dim from root mesh will be deprecated in PT 2.11. Users need to bookkeep the flattened mesh directly. 
  sliced_mesh_layout = self._get_slice_mesh_layout(mesh_dim_names)
/home/phuc/workspace/moe/moe_ablations/torchtitan/env/lib/python3.10/site-packages/torch/distributed/device_mesh.py:604: UserWarning: Slicing a flattened dim from root mesh will be deprecated in PT 2.11. Users need to bookkeep the flattened mesh directly. 
  sliced_mesh_layout = self._get_slice_mesh_layout(mesh_dim_names)
/home/phuc/workspace/moe/moe_ablations/torchtitan/env/lib/python3.10/site-packages/torch/distributed/device_mesh.py:604: UserWarning: Slicing a flattened dim from root mesh will be deprecated in PT 2.11. Users need to bookkeep the flattened mesh directly. 
  sliced_mesh_layout = self._get_slice_mesh_layout(mesh_dim_names)
/home/phuc/workspace/moe/moe_ablations/torchtitan/env/lib/python3.10/site-packages/torch/distributed/device_mesh.py:604: UserWarning: Slicing a flattened dim from root mesh will be deprecated in PT 2.11. Users need to bookkeep the flattened mesh directly. 
  sliced_mesh_layout = self._get_slice_mesh_layout(mesh_dim_names)
/home/phuc/workspace/moe/moe_ablations/torchtitan/env/lib/python3.10/site-packages/torch/_dynamo/variables/functions.py:2060: UserWarning: Dynamo detected a call to a `functools.lru_cache`-wrapped function. Dynamo ignores the cache wrapper and directly traces the wrapped function. Silent incorrectness is only a *potential* risk, not something we have observed. Enable TORCH_LOGS="+dynamo" for a DEBUG stack trace.
  torch._dynamo.utils.warn_once(msg)
/home/phuc/workspace/moe/moe_ablations/torchtitan/env/lib/python3.10/site-packages/torch/_dynamo/variables/functions.py:1950: UserWarning: Dynamo does not know how to trace the builtin `cuda_utils.get_device_properties.` This function is either a Python builtin (e.g. _warnings.warn) or a third-party C/C++ Python extension (perhaps created with pybind).
If it is a Python builtin, please file an issue on GitHub so the PyTorch team can add support for it and see the next case for a workaround.
If it is a third-party C/C++ Python extension, please either wrap it into a PyTorch-understood custom operator (see https://pytorch.org/tutorials/advanced/custom_ops_landing_page.html for more details) or, if it is traceable, use `torch.compiler.allow_in_graph`.
  torch._dynamo.utils.warn_once(explanation + "\n" + "\n".join(hints))
/home/phuc/workspace/moe/moe_ablations/torchtitan/env/lib/python3.10/site-packages/torch/_dynamo/variables/functions.py:2060: UserWarning: Dynamo detected a call to a `functools.lru_cache`-wrapped function. Dynamo ignores the cache wrapper and directly traces the wrapped function. Silent incorrectness is only a *potential* risk, not something we have observed. Enable TORCH_LOGS="+dynamo" for a DEBUG stack trace.
  torch._dynamo.utils.warn_once(msg)
/home/phuc/workspace/moe/moe_ablations/torchtitan/env/lib/python3.10/site-packages/torch/_dynamo/variables/functions.py:1950: UserWarning: Dynamo does not know how to trace the builtin `cuda_utils.get_device_properties.` This function is either a Python builtin (e.g. _warnings.warn) or a third-party C/C++ Python extension (perhaps created with pybind).
If it is a Python builtin, please file an issue on GitHub so the PyTorch team can add support for it and see the next case for a workaround.
If it is a third-party C/C++ Python extension, please either wrap it into a PyTorch-understood custom operator (see https://pytorch.org/tutorials/advanced/custom_ops_landing_page.html for more details) or, if it is traceable, use `torch.compiler.allow_in_graph`.
  torch._dynamo.utils.warn_once(explanation + "\n" + "\n".join(hints))
/home/phuc/workspace/moe/moe_ablations/torchtitan/env/lib/python3.10/site-packages/torch/_dynamo/variables/functions.py:2060: UserWarning: Dynamo detected a call to a `functools.lru_cache`-wrapped function. Dynamo ignores the cache wrapper and directly traces the wrapped function. Silent incorrectness is only a *potential* risk, not something we have observed. Enable TORCH_LOGS="+dynamo" for a DEBUG stack trace.
  torch._dynamo.utils.warn_once(msg)
/home/phuc/workspace/moe/moe_ablations/torchtitan/env/lib/python3.10/site-packages/torch/_dynamo/variables/functions.py:1950: UserWarning: Dynamo does not know how to trace the builtin `cuda_utils.get_device_properties.` This function is either a Python builtin (e.g. _warnings.warn) or a third-party C/C++ Python extension (perhaps created with pybind).
If it is a Python builtin, please file an issue on GitHub so the PyTorch team can add support for it and see the next case for a workaround.
If it is a third-party C/C++ Python extension, please either wrap it into a PyTorch-understood custom operator (see https://pytorch.org/tutorials/advanced/custom_ops_landing_page.html for more details) or, if it is traceable, use `torch.compiler.allow_in_graph`.
  torch._dynamo.utils.warn_once(explanation + "\n" + "\n".join(hints))
/home/phuc/workspace/moe/moe_ablations/torchtitan/env/lib/python3.10/site-packages/torch/_dynamo/variables/functions.py:2060: UserWarning: Dynamo detected a call to a `functools.lru_cache`-wrapped function. Dynamo ignores the cache wrapper and directly traces the wrapped function. Silent incorrectness is only a *potential* risk, not something we have observed. Enable TORCH_LOGS="+dynamo" for a DEBUG stack trace.
  torch._dynamo.utils.warn_once(msg)
/home/phuc/workspace/moe/moe_ablations/torchtitan/env/lib/python3.10/site-packages/torch/_dynamo/variables/functions.py:2060: UserWarning: Dynamo detected a call to a `functools.lru_cache`-wrapped function. Dynamo ignores the cache wrapper and directly traces the wrapped function. Silent incorrectness is only a *potential* risk, not something we have observed. Enable TORCH_LOGS="+dynamo" for a DEBUG stack trace.
  torch._dynamo.utils.warn_once(msg)
/home/phuc/workspace/moe/moe_ablations/torchtitan/env/lib/python3.10/site-packages/torch/_dynamo/variables/functions.py:2060: UserWarning: Dynamo detected a call to a `functools.lru_cache`-wrapped function. Dynamo ignores the cache wrapper and directly traces the wrapped function. Silent incorrectness is only a *potential* risk, not something we have observed. Enable TORCH_LOGS="+dynamo" for a DEBUG stack trace.
  torch._dynamo.utils.warn_once(msg)
/home/phuc/workspace/moe/moe_ablations/torchtitan/env/lib/python3.10/site-packages/torch/_dynamo/variables/functions.py:2060: UserWarning: Dynamo detected a call to a `functools.lru_cache`-wrapped function. Dynamo ignores the cache wrapper and directly traces the wrapped function. Silent incorrectness is only a *potential* risk, not something we have observed. Enable TORCH_LOGS="+dynamo" for a DEBUG stack trace.
  torch._dynamo.utils.warn_once(msg)
/home/phuc/workspace/moe/moe_ablations/torchtitan/env/lib/python3.10/site-packages/torch/_dynamo/variables/functions.py:1950: UserWarning: Dynamo does not know how to trace the builtin `cuda_utils.get_device_properties.` This function is either a Python builtin (e.g. _warnings.warn) or a third-party C/C++ Python extension (perhaps created with pybind).
If it is a Python builtin, please file an issue on GitHub so the PyTorch team can add support for it and see the next case for a workaround.
If it is a third-party C/C++ Python extension, please either wrap it into a PyTorch-understood custom operator (see https://pytorch.org/tutorials/advanced/custom_ops_landing_page.html for more details) or, if it is traceable, use `torch.compiler.allow_in_graph`.
  torch._dynamo.utils.warn_once(explanation + "\n" + "\n".join(hints))
/home/phuc/workspace/moe/moe_ablations/torchtitan/env/lib/python3.10/site-packages/torch/_dynamo/variables/functions.py:1950: UserWarning: Dynamo does not know how to trace the builtin `cuda_utils.get_device_properties.` This function is either a Python builtin (e.g. _warnings.warn) or a third-party C/C++ Python extension (perhaps created with pybind).
If it is a Python builtin, please file an issue on GitHub so the PyTorch team can add support for it and see the next case for a workaround.
If it is a third-party C/C++ Python extension, please either wrap it into a PyTorch-understood custom operator (see https://pytorch.org/tutorials/advanced/custom_ops_landing_page.html for more details) or, if it is traceable, use `torch.compiler.allow_in_graph`.
  torch._dynamo.utils.warn_once(explanation + "\n" + "\n".join(hints))
/home/phuc/workspace/moe/moe_ablations/torchtitan/env/lib/python3.10/site-packages/torch/_dynamo/variables/functions.py:1950: UserWarning: Dynamo does not know how to trace the builtin `cuda_utils.get_device_properties.` This function is either a Python builtin (e.g. _warnings.warn) or a third-party C/C++ Python extension (perhaps created with pybind).
If it is a Python builtin, please file an issue on GitHub so the PyTorch team can add support for it and see the next case for a workaround.
If it is a third-party C/C++ Python extension, please either wrap it into a PyTorch-understood custom operator (see https://pytorch.org/tutorials/advanced/custom_ops_landing_page.html for more details) or, if it is traceable, use `torch.compiler.allow_in_graph`.
  torch._dynamo.utils.warn_once(explanation + "\n" + "\n".join(hints))
/home/phuc/workspace/moe/moe_ablations/torchtitan/env/lib/python3.10/site-packages/torch/_dynamo/variables/functions.py:1950: UserWarning: Dynamo does not know how to trace the builtin `cuda_utils.get_device_properties.` This function is either a Python builtin (e.g. _warnings.warn) or a third-party C/C++ Python extension (perhaps created with pybind).
If it is a Python builtin, please file an issue on GitHub so the PyTorch team can add support for it and see the next case for a workaround.
If it is a third-party C/C++ Python extension, please either wrap it into a PyTorch-understood custom operator (see https://pytorch.org/tutorials/advanced/custom_ops_landing_page.html for more details) or, if it is traceable, use `torch.compiler.allow_in_graph`.
  torch._dynamo.utils.warn_once(explanation + "\n" + "\n".join(hints))
/home/phuc/workspace/moe/moe_ablations/torchtitan/env/lib/python3.10/site-packages/torch/_dynamo/variables/functions.py:2060: UserWarning: Dynamo detected a call to a `functools.lru_cache`-wrapped function. Dynamo ignores the cache wrapper and directly traces the wrapped function. Silent incorrectness is only a *potential* risk, not something we have observed. Enable TORCH_LOGS="+dynamo" for a DEBUG stack trace.
  torch._dynamo.utils.warn_once(msg)
/home/phuc/workspace/moe/moe_ablations/torchtitan/env/lib/python3.10/site-packages/torch/_dynamo/variables/functions.py:1950: UserWarning: Dynamo does not know how to trace the builtin `cuda_utils.get_device_properties.` This function is either a Python builtin (e.g. _warnings.warn) or a third-party C/C++ Python extension (perhaps created with pybind).
If it is a Python builtin, please file an issue on GitHub so the PyTorch team can add support for it and see the next case for a workaround.
If it is a third-party C/C++ Python extension, please either wrap it into a PyTorch-understood custom operator (see https://pytorch.org/tutorials/advanced/custom_ops_landing_page.html for more details) or, if it is traceable, use `torch.compiler.allow_in_graph`.
  torch._dynamo.utils.warn_once(explanation + "\n" + "\n".join(hints))
/home/phuc/workspace/moe/moe_ablations/torchtitan/env/lib/python3.10/site-packages/torch/distributed/device_mesh.py:604: UserWarning: Slicing a flattened dim from root mesh will be deprecated in PT 2.11. Users need to bookkeep the flattened mesh directly. 
  sliced_mesh_layout = self._get_slice_mesh_layout(mesh_dim_names)
/home/phuc/workspace/moe/moe_ablations/torchtitan/env/lib/python3.10/site-packages/torch/distributed/device_mesh.py:604: UserWarning: Slicing a flattened dim from root mesh will be deprecated in PT 2.11. Users need to bookkeep the flattened mesh directly. 
  sliced_mesh_layout = self._get_slice_mesh_layout(mesh_dim_names)
/home/phuc/workspace/moe/moe_ablations/torchtitan/env/lib/python3.10/site-packages/torch/distributed/device_mesh.py:604: UserWarning: Slicing a flattened dim from root mesh will be deprecated in PT 2.11. Users need to bookkeep the flattened mesh directly. 
  sliced_mesh_layout = self._get_slice_mesh_layout(mesh_dim_names)
/home/phuc/workspace/moe/moe_ablations/torchtitan/env/lib/python3.10/site-packages/torch/distributed/device_mesh.py:604: UserWarning: Slicing a flattened dim from root mesh will be deprecated in PT 2.11. Users need to bookkeep the flattened mesh directly. 
  sliced_mesh_layout = self._get_slice_mesh_layout(mesh_dim_names)
/home/phuc/workspace/moe/moe_ablations/torchtitan/env/lib/python3.10/site-packages/torch/distributed/device_mesh.py:604: UserWarning: Slicing a flattened dim from root mesh will be deprecated in PT 2.11. Users need to bookkeep the flattened mesh directly. 
  sliced_mesh_layout = self._get_slice_mesh_layout(mesh_dim_names)
/home/phuc/workspace/moe/moe_ablations/torchtitan/env/lib/python3.10/site-packages/torch/distributed/device_mesh.py:604: UserWarning: Slicing a flattened dim from root mesh will be deprecated in PT 2.11. Users need to bookkeep the flattened mesh directly. 
  sliced_mesh_layout = self._get_slice_mesh_layout(mesh_dim_names)
/home/phuc/workspace/moe/moe_ablations/torchtitan/env/lib/python3.10/site-packages/torch/distributed/device_mesh.py:604: UserWarning: Slicing a flattened dim from root mesh will be deprecated in PT 2.11. Users need to bookkeep the flattened mesh directly. 
  sliced_mesh_layout = self._get_slice_mesh_layout(mesh_dim_names)
/home/phuc/workspace/moe/moe_ablations/torchtitan/env/lib/python3.10/site-packages/torch/distributed/device_mesh.py:604: UserWarning: Slicing a flattened dim from root mesh will be deprecated in PT 2.11. Users need to bookkeep the flattened mesh directly. 
  sliced_mesh_layout = self._get_slice_mesh_layout(mesh_dim_names)
