W1217 16:55:25.702000 1862998 site-packages/torch/distributed/run.py:853] 
W1217 16:55:25.702000 1862998 site-packages/torch/distributed/run.py:853] *****************************************
W1217 16:55:25.702000 1862998 site-packages/torch/distributed/run.py:853] Setting OMP_NUM_THREADS environment variable for each process to be 1 in default, to avoid your system being overloaded, please further tune the variable for optimal performance in your application as needed. 
W1217 16:55:25.702000 1862998 site-packages/torch/distributed/run.py:853] *****************************************
/home/phuc/workspace/moe/moe_ablations/torchtitan/env/lib/python3.10/site-packages/torch/distributed/device_mesh.py:604: UserWarning: Slicing a flattened dim from root mesh will be deprecated in PT 2.11. Users need to bookkeep the flattened mesh directly. 
  sliced_mesh_layout = self._get_slice_mesh_layout(mesh_dim_names)
/home/phuc/workspace/moe/moe_ablations/torchtitan/env/lib/python3.10/site-packages/torch/distributed/device_mesh.py:604: UserWarning: Slicing a flattened dim from root mesh will be deprecated in PT 2.11. Users need to bookkeep the flattened mesh directly. 
  sliced_mesh_layout = self._get_slice_mesh_layout(mesh_dim_names)
/home/phuc/workspace/moe/moe_ablations/torchtitan/env/lib/python3.10/site-packages/torch/distributed/device_mesh.py:604: UserWarning: Slicing a flattened dim from root mesh will be deprecated in PT 2.11. Users need to bookkeep the flattened mesh directly. 
  sliced_mesh_layout = self._get_slice_mesh_layout(mesh_dim_names)
/home/phuc/workspace/moe/moe_ablations/torchtitan/env/lib/python3.10/site-packages/torch/distributed/device_mesh.py:604: UserWarning: Slicing a flattened dim from root mesh will be deprecated in PT 2.11. Users need to bookkeep the flattened mesh directly. 
  sliced_mesh_layout = self._get_slice_mesh_layout(mesh_dim_names)
/home/phuc/workspace/moe/moe_ablations/torchtitan/env/lib/python3.10/site-packages/torch/distributed/device_mesh.py:604: UserWarning: Slicing a flattened dim from root mesh will be deprecated in PT 2.11. Users need to bookkeep the flattened mesh directly. 
  sliced_mesh_layout = self._get_slice_mesh_layout(mesh_dim_names)
/home/phuc/workspace/moe/moe_ablations/torchtitan/env/lib/python3.10/site-packages/torch/distributed/device_mesh.py:604: UserWarning: Slicing a flattened dim from root mesh will be deprecated in PT 2.11. Users need to bookkeep the flattened mesh directly. 
  sliced_mesh_layout = self._get_slice_mesh_layout(mesh_dim_names)
/home/phuc/workspace/moe/moe_ablations/torchtitan/env/lib/python3.10/site-packages/torch/distributed/device_mesh.py:604: UserWarning: Slicing a flattened dim from root mesh will be deprecated in PT 2.11. Users need to bookkeep the flattened mesh directly. 
  sliced_mesh_layout = self._get_slice_mesh_layout(mesh_dim_names)
/home/phuc/workspace/moe/moe_ablations/torchtitan/env/lib/python3.10/site-packages/torch/distributed/device_mesh.py:604: UserWarning: Slicing a flattened dim from root mesh will be deprecated in PT 2.11. Users need to bookkeep the flattened mesh directly. 
  sliced_mesh_layout = self._get_slice_mesh_layout(mesh_dim_names)
/home/phuc/workspace/moe/moe_ablations/torchtitan/env/lib/python3.10/site-packages/torch/distributed/device_mesh.py:604: UserWarning: Slicing a flattened dim from root mesh will be deprecated in PT 2.11. Users need to bookkeep the flattened mesh directly. 
  sliced_mesh_layout = self._get_slice_mesh_layout(mesh_dim_names)
/home/phuc/workspace/moe/moe_ablations/torchtitan/env/lib/python3.10/site-packages/torch/distributed/device_mesh.py:604: UserWarning: Slicing a flattened dim from root mesh will be deprecated in PT 2.11. Users need to bookkeep the flattened mesh directly. 
  sliced_mesh_layout = self._get_slice_mesh_layout(mesh_dim_names)
/home/phuc/workspace/moe/moe_ablations/torchtitan/env/lib/python3.10/site-packages/torch/distributed/device_mesh.py:604: UserWarning: Slicing a flattened dim from root mesh will be deprecated in PT 2.11. Users need to bookkeep the flattened mesh directly. 
  sliced_mesh_layout = self._get_slice_mesh_layout(mesh_dim_names)
/home/phuc/workspace/moe/moe_ablations/torchtitan/env/lib/python3.10/site-packages/torch/distributed/device_mesh.py:604: UserWarning: Slicing a flattened dim from root mesh will be deprecated in PT 2.11. Users need to bookkeep the flattened mesh directly. 
  sliced_mesh_layout = self._get_slice_mesh_layout(mesh_dim_names)
/home/phuc/workspace/moe/moe_ablations/torchtitan/env/lib/python3.10/site-packages/torch/distributed/device_mesh.py:604: UserWarning: Slicing a flattened dim from root mesh will be deprecated in PT 2.11. Users need to bookkeep the flattened mesh directly. 
  sliced_mesh_layout = self._get_slice_mesh_layout(mesh_dim_names)
/home/phuc/workspace/moe/moe_ablations/torchtitan/env/lib/python3.10/site-packages/torch/distributed/device_mesh.py:604: UserWarning: Slicing a flattened dim from root mesh will be deprecated in PT 2.11. Users need to bookkeep the flattened mesh directly. 
  sliced_mesh_layout = self._get_slice_mesh_layout(mesh_dim_names)
/home/phuc/workspace/moe/moe_ablations/torchtitan/env/lib/python3.10/site-packages/torch/distributed/device_mesh.py:604: UserWarning: Slicing a flattened dim from root mesh will be deprecated in PT 2.11. Users need to bookkeep the flattened mesh directly. 
  sliced_mesh_layout = self._get_slice_mesh_layout(mesh_dim_names)
/home/phuc/workspace/moe/moe_ablations/torchtitan/env/lib/python3.10/site-packages/torch/distributed/device_mesh.py:604: UserWarning: Slicing a flattened dim from root mesh will be deprecated in PT 2.11. Users need to bookkeep the flattened mesh directly. 
  sliced_mesh_layout = self._get_slice_mesh_layout(mesh_dim_names)
/home/phuc/workspace/moe/moe_ablations/torchtitan/env/lib/python3.10/site-packages/torch/_dynamo/variables/functions.py:2060: UserWarning: Dynamo detected a call to a `functools.lru_cache`-wrapped function. Dynamo ignores the cache wrapper and directly traces the wrapped function. Silent incorrectness is only a *potential* risk, not something we have observed. Enable TORCH_LOGS="+dynamo" for a DEBUG stack trace.
  torch._dynamo.utils.warn_once(msg)
/home/phuc/workspace/moe/moe_ablations/torchtitan/env/lib/python3.10/site-packages/torch/_dynamo/variables/functions.py:1950: UserWarning: Dynamo does not know how to trace the builtin `cuda_utils.get_device_properties.` This function is either a Python builtin (e.g. _warnings.warn) or a third-party C/C++ Python extension (perhaps created with pybind).
If it is a Python builtin, please file an issue on GitHub so the PyTorch team can add support for it and see the next case for a workaround.
If it is a third-party C/C++ Python extension, please either wrap it into a PyTorch-understood custom operator (see https://pytorch.org/tutorials/advanced/custom_ops_landing_page.html for more details) or, if it is traceable, use `torch.compiler.allow_in_graph`.
  torch._dynamo.utils.warn_once(explanation + "\n" + "\n".join(hints))
/home/phuc/workspace/moe/moe_ablations/torchtitan/env/lib/python3.10/site-packages/torch/_dynamo/variables/functions.py:2060: UserWarning: Dynamo detected a call to a `functools.lru_cache`-wrapped function. Dynamo ignores the cache wrapper and directly traces the wrapped function. Silent incorrectness is only a *potential* risk, not something we have observed. Enable TORCH_LOGS="+dynamo" for a DEBUG stack trace.
  torch._dynamo.utils.warn_once(msg)
/home/phuc/workspace/moe/moe_ablations/torchtitan/env/lib/python3.10/site-packages/torch/_dynamo/variables/functions.py:2060: UserWarning: Dynamo detected a call to a `functools.lru_cache`-wrapped function. Dynamo ignores the cache wrapper and directly traces the wrapped function. Silent incorrectness is only a *potential* risk, not something we have observed. Enable TORCH_LOGS="+dynamo" for a DEBUG stack trace.
  torch._dynamo.utils.warn_once(msg)
/home/phuc/workspace/moe/moe_ablations/torchtitan/env/lib/python3.10/site-packages/torch/_dynamo/variables/functions.py:1950: UserWarning: Dynamo does not know how to trace the builtin `cuda_utils.get_device_properties.` This function is either a Python builtin (e.g. _warnings.warn) or a third-party C/C++ Python extension (perhaps created with pybind).
If it is a Python builtin, please file an issue on GitHub so the PyTorch team can add support for it and see the next case for a workaround.
If it is a third-party C/C++ Python extension, please either wrap it into a PyTorch-understood custom operator (see https://pytorch.org/tutorials/advanced/custom_ops_landing_page.html for more details) or, if it is traceable, use `torch.compiler.allow_in_graph`.
  torch._dynamo.utils.warn_once(explanation + "\n" + "\n".join(hints))
/home/phuc/workspace/moe/moe_ablations/torchtitan/env/lib/python3.10/site-packages/torch/_dynamo/variables/functions.py:2060: UserWarning: Dynamo detected a call to a `functools.lru_cache`-wrapped function. Dynamo ignores the cache wrapper and directly traces the wrapped function. Silent incorrectness is only a *potential* risk, not something we have observed. Enable TORCH_LOGS="+dynamo" for a DEBUG stack trace.
  torch._dynamo.utils.warn_once(msg)
/home/phuc/workspace/moe/moe_ablations/torchtitan/env/lib/python3.10/site-packages/torch/_dynamo/variables/functions.py:1950: UserWarning: Dynamo does not know how to trace the builtin `cuda_utils.get_device_properties.` This function is either a Python builtin (e.g. _warnings.warn) or a third-party C/C++ Python extension (perhaps created with pybind).
If it is a Python builtin, please file an issue on GitHub so the PyTorch team can add support for it and see the next case for a workaround.
If it is a third-party C/C++ Python extension, please either wrap it into a PyTorch-understood custom operator (see https://pytorch.org/tutorials/advanced/custom_ops_landing_page.html for more details) or, if it is traceable, use `torch.compiler.allow_in_graph`.
  torch._dynamo.utils.warn_once(explanation + "\n" + "\n".join(hints))
/home/phuc/workspace/moe/moe_ablations/torchtitan/env/lib/python3.10/site-packages/torch/_dynamo/variables/functions.py:2060: UserWarning: Dynamo detected a call to a `functools.lru_cache`-wrapped function. Dynamo ignores the cache wrapper and directly traces the wrapped function. Silent incorrectness is only a *potential* risk, not something we have observed. Enable TORCH_LOGS="+dynamo" for a DEBUG stack trace.
  torch._dynamo.utils.warn_once(msg)
/home/phuc/workspace/moe/moe_ablations/torchtitan/env/lib/python3.10/site-packages/torch/_dynamo/variables/functions.py:1950: UserWarning: Dynamo does not know how to trace the builtin `cuda_utils.get_device_properties.` This function is either a Python builtin (e.g. _warnings.warn) or a third-party C/C++ Python extension (perhaps created with pybind).
If it is a Python builtin, please file an issue on GitHub so the PyTorch team can add support for it and see the next case for a workaround.
If it is a third-party C/C++ Python extension, please either wrap it into a PyTorch-understood custom operator (see https://pytorch.org/tutorials/advanced/custom_ops_landing_page.html for more details) or, if it is traceable, use `torch.compiler.allow_in_graph`.
  torch._dynamo.utils.warn_once(explanation + "\n" + "\n".join(hints))
/home/phuc/workspace/moe/moe_ablations/torchtitan/env/lib/python3.10/site-packages/torch/_dynamo/variables/functions.py:1950: UserWarning: Dynamo does not know how to trace the builtin `cuda_utils.get_device_properties.` This function is either a Python builtin (e.g. _warnings.warn) or a third-party C/C++ Python extension (perhaps created with pybind).
If it is a Python builtin, please file an issue on GitHub so the PyTorch team can add support for it and see the next case for a workaround.
If it is a third-party C/C++ Python extension, please either wrap it into a PyTorch-understood custom operator (see https://pytorch.org/tutorials/advanced/custom_ops_landing_page.html for more details) or, if it is traceable, use `torch.compiler.allow_in_graph`.
  torch._dynamo.utils.warn_once(explanation + "\n" + "\n".join(hints))
/home/phuc/workspace/moe/moe_ablations/torchtitan/env/lib/python3.10/site-packages/torch/_dynamo/variables/functions.py:2060: UserWarning: Dynamo detected a call to a `functools.lru_cache`-wrapped function. Dynamo ignores the cache wrapper and directly traces the wrapped function. Silent incorrectness is only a *potential* risk, not something we have observed. Enable TORCH_LOGS="+dynamo" for a DEBUG stack trace.
  torch._dynamo.utils.warn_once(msg)
/home/phuc/workspace/moe/moe_ablations/torchtitan/env/lib/python3.10/site-packages/torch/_dynamo/variables/functions.py:2060: UserWarning: Dynamo detected a call to a `functools.lru_cache`-wrapped function. Dynamo ignores the cache wrapper and directly traces the wrapped function. Silent incorrectness is only a *potential* risk, not something we have observed. Enable TORCH_LOGS="+dynamo" for a DEBUG stack trace.
  torch._dynamo.utils.warn_once(msg)
/home/phuc/workspace/moe/moe_ablations/torchtitan/env/lib/python3.10/site-packages/torch/_dynamo/variables/functions.py:1950: UserWarning: Dynamo does not know how to trace the builtin `cuda_utils.get_device_properties.` This function is either a Python builtin (e.g. _warnings.warn) or a third-party C/C++ Python extension (perhaps created with pybind).
If it is a Python builtin, please file an issue on GitHub so the PyTorch team can add support for it and see the next case for a workaround.
If it is a third-party C/C++ Python extension, please either wrap it into a PyTorch-understood custom operator (see https://pytorch.org/tutorials/advanced/custom_ops_landing_page.html for more details) or, if it is traceable, use `torch.compiler.allow_in_graph`.
  torch._dynamo.utils.warn_once(explanation + "\n" + "\n".join(hints))
/home/phuc/workspace/moe/moe_ablations/torchtitan/env/lib/python3.10/site-packages/torch/_dynamo/variables/functions.py:1950: UserWarning: Dynamo does not know how to trace the builtin `cuda_utils.get_device_properties.` This function is either a Python builtin (e.g. _warnings.warn) or a third-party C/C++ Python extension (perhaps created with pybind).
If it is a Python builtin, please file an issue on GitHub so the PyTorch team can add support for it and see the next case for a workaround.
If it is a third-party C/C++ Python extension, please either wrap it into a PyTorch-understood custom operator (see https://pytorch.org/tutorials/advanced/custom_ops_landing_page.html for more details) or, if it is traceable, use `torch.compiler.allow_in_graph`.
  torch._dynamo.utils.warn_once(explanation + "\n" + "\n".join(hints))
/home/phuc/workspace/moe/moe_ablations/torchtitan/env/lib/python3.10/site-packages/torch/_dynamo/variables/functions.py:2060: UserWarning: Dynamo detected a call to a `functools.lru_cache`-wrapped function. Dynamo ignores the cache wrapper and directly traces the wrapped function. Silent incorrectness is only a *potential* risk, not something we have observed. Enable TORCH_LOGS="+dynamo" for a DEBUG stack trace.
  torch._dynamo.utils.warn_once(msg)
/home/phuc/workspace/moe/moe_ablations/torchtitan/env/lib/python3.10/site-packages/torch/_dynamo/variables/functions.py:1950: UserWarning: Dynamo does not know how to trace the builtin `cuda_utils.get_device_properties.` This function is either a Python builtin (e.g. _warnings.warn) or a third-party C/C++ Python extension (perhaps created with pybind).
If it is a Python builtin, please file an issue on GitHub so the PyTorch team can add support for it and see the next case for a workaround.
If it is a third-party C/C++ Python extension, please either wrap it into a PyTorch-understood custom operator (see https://pytorch.org/tutorials/advanced/custom_ops_landing_page.html for more details) or, if it is traceable, use `torch.compiler.allow_in_graph`.
  torch._dynamo.utils.warn_once(explanation + "\n" + "\n".join(hints))
[rank1]: Traceback (most recent call last):
[rank1]:   File "/home/phuc/workspace/moe/moe_ablations/torchtitan/env/lib/python3.10/runpy.py", line 196, in _run_module_as_main
[rank1]:     return _run_code(code, main_globals, None,
[rank1]:   File "/home/phuc/workspace/moe/moe_ablations/torchtitan/env/lib/python3.10/runpy.py", line 86, in _run_code
[rank1]:     exec(code, run_globals)
[rank1]:   File "/home/phuc/workspace/moe/moe_ablations/torchtitan/torchtitan/train.py", line 864, in <module>
[rank1]:     main(Trainer)
[rank1]:   File "/home/phuc/workspace/moe/moe_ablations/torchtitan/torchtitan/train.py", line 852, in main
[rank1]:     trainer.train()
[rank1]:   File "/home/phuc/workspace/moe/moe_ablations/torchtitan/env/lib/python3.10/site-packages/torch/distributed/elastic/multiprocessing/errors/__init__.py", line 362, in wrapper
[rank1]:     return f(*args, **kwargs)
[rank1]:   File "/home/phuc/workspace/moe/moe_ablations/torchtitan/torchtitan/train.py", line 772, in train
[rank1]:     self.train_step(data_iterator)
[rank1]:   File "/home/phuc/workspace/moe/moe_ablations/torchtitan/torchtitan/train.py", line 671, in train_step
[rank1]:     loss = self.forward_backward_step(input_dict, labels)
[rank1]:   File "/home/phuc/workspace/moe/moe_ablations/torchtitan/torchtitan/train.py", line 651, in forward_backward_step
[rank1]:     loss.backward()
[rank1]:   File "/home/phuc/workspace/moe/moe_ablations/torchtitan/env/lib/python3.10/site-packages/torch/_tensor.py", line 631, in backward
[rank1]:     torch.autograd.backward(
[rank1]:   File "/home/phuc/workspace/moe/moe_ablations/torchtitan/env/lib/python3.10/site-packages/torch/autograd/__init__.py", line 365, in backward
[rank1]:     _engine_run_backward(
[rank1]:   File "/home/phuc/workspace/moe/moe_ablations/torchtitan/env/lib/python3.10/site-packages/torch/autograd/graph.py", line 865, in _engine_run_backward
[rank1]:     return Variable._execution_engine.run_backward(  # Calls into the C++ engine to run the backward pass
[rank1]:   File "/home/phuc/workspace/moe/moe_ablations/torchtitan/env/lib/python3.10/site-packages/torch/autograd/function.py", line 317, in apply
[rank1]:     return user_fn(self, *args)
[rank1]:   File "/home/phuc/workspace/moe/moe_ablations/torchtitan/env/lib/python3.10/site-packages/torch/_functorch/_aot_autograd/runtime_wrappers.py", line 2338, in backward
[rank1]:     return impl_fn()
[rank1]:   File "/home/phuc/workspace/moe/moe_ablations/torchtitan/env/lib/python3.10/site-packages/torch/_functorch/_aot_autograd/runtime_wrappers.py", line 2324, in impl_fn
[rank1]:     out = CompiledFunction._backward_impl(ctx, all_args)
[rank1]:   File "/home/phuc/workspace/moe/moe_ablations/torchtitan/env/lib/python3.10/site-packages/torch/_functorch/_aot_autograd/runtime_wrappers.py", line 2494, in _backward_impl
[rank1]:     out = call_func_at_runtime_with_args(
[rank1]:   File "/home/phuc/workspace/moe/moe_ablations/torchtitan/env/lib/python3.10/site-packages/torch/_functorch/_aot_autograd/utils.py", line 134, in call_func_at_runtime_with_args
[rank1]:     out = normalize_as_list(f(args))
[rank1]:   File "/home/phuc/workspace/moe/moe_ablations/torchtitan/env/lib/python3.10/site-packages/torch/_dynamo/eval_frame.py", line 1191, in _fn
[rank1]:     return fn(*args, **kwargs)
[rank1]:   File "/home/phuc/workspace/moe/moe_ablations/torchtitan/env/lib/python3.10/site-packages/torch/_inductor/output_code.py", line 638, in __call__
[rank1]:     return self.current_callable(inputs)
[rank1]:   File "/home/phuc/workspace/moe/moe_ablations/torchtitan/env/lib/python3.10/site-packages/torch/_inductor/utils.py", line 3247, in run
[rank1]:     out = model(new_inputs)
[rank1]:   File "/tmp/torchinductor_id_ed25519_nous_work/d5/cd5ugfbjwuuam355grdpqejopmrrkcavus4to6ypshmywhl4ds3b.py", line 205, in call
[rank1]:     buf1 = empty_strided_cuda((393216, 151936), (151936, 1), torch.bfloat16)
[rank1]: torch.OutOfMemoryError: CUDA out of memory. Tried to allocate 111.28 GiB. GPU 1 has a total capacity of 178.36 GiB of which 29.70 GiB is free. Including non-PyTorch memory, this process has 148.64 GiB memory in use. Of the allocated memory 146.43 GiB is allocated by PyTorch, and 91.98 MiB is reserved by PyTorch but unallocated. If reserved but unallocated memory is large try setting PYTORCH_ALLOC_CONF=expandable_segments:True to avoid fragmentation.  See documentation for Memory Management  (https://pytorch.org/docs/stable/notes/cuda.html#environment-variables)
[rank0]: Traceback (most recent call last):
[rank0]:   File "/home/phuc/workspace/moe/moe_ablations/torchtitan/env/lib/python3.10/runpy.py", line 196, in _run_module_as_main
[rank0]:     return _run_code(code, main_globals, None,
[rank0]:   File "/home/phuc/workspace/moe/moe_ablations/torchtitan/env/lib/python3.10/runpy.py", line 86, in _run_code
[rank0]:     exec(code, run_globals)
[rank0]:   File "/home/phuc/workspace/moe/moe_ablations/torchtitan/torchtitan/train.py", line 864, in <module>
[rank0]:     main(Trainer)
[rank0]:   File "/home/phuc/workspace/moe/moe_ablations/torchtitan/torchtitan/train.py", line 852, in main
[rank0]:     trainer.train()
[rank0]:   File "/home/phuc/workspace/moe/moe_ablations/torchtitan/env/lib/python3.10/site-packages/torch/distributed/elastic/multiprocessing/errors/__init__.py", line 362, in wrapper
[rank0]:     return f(*args, **kwargs)
[rank0]:   File "/home/phuc/workspace/moe/moe_ablations/torchtitan/torchtitan/train.py", line 772, in train
[rank0]:     self.train_step(data_iterator)
[rank0]:   File "/home/phuc/workspace/moe/moe_ablations/torchtitan/torchtitan/train.py", line 671, in train_step
[rank0]:     loss = self.forward_backward_step(input_dict, labels)
[rank0]:   File "/home/phuc/workspace/moe/moe_ablations/torchtitan/torchtitan/train.py", line 651, in forward_backward_step
[rank0]:     loss.backward()
[rank0]:   File "/home/phuc/workspace/moe/moe_ablations/torchtitan/env/lib/python3.10/site-packages/torch/_tensor.py", line 631, in backward
[rank0]:     torch.autograd.backward(
[rank0]:   File "/home/phuc/workspace/moe/moe_ablations/torchtitan/env/lib/python3.10/site-packages/torch/autograd/__init__.py", line 365, in backward
[rank0]:     _engine_run_backward(
[rank0]:   File "/home/phuc/workspace/moe/moe_ablations/torchtitan/env/lib/python3.10/site-packages/torch/autograd/graph.py", line 865, in _engine_run_backward
[rank0]:     return Variable._execution_engine.run_backward(  # Calls into the C++ engine to run the backward pass
[rank0]:   File "/home/phuc/workspace/moe/moe_ablations/torchtitan/env/lib/python3.10/site-packages/torch/autograd/function.py", line 317, in apply
[rank0]:     return user_fn(self, *args)
[rank0]:   File "/home/phuc/workspace/moe/moe_ablations/torchtitan/env/lib/python3.10/site-packages/torch/_functorch/_aot_autograd/runtime_wrappers.py", line 2338, in backward
[rank0]:     return impl_fn()
[rank0]:   File "/home/phuc/workspace/moe/moe_ablations/torchtitan/env/lib/python3.10/site-packages/torch/_functorch/_aot_autograd/runtime_wrappers.py", line 2324, in impl_fn
[rank0]:     out = CompiledFunction._backward_impl(ctx, all_args)
[rank0]:   File "/home/phuc/workspace/moe/moe_ablations/torchtitan/env/lib/python3.10/site-packages/torch/_functorch/_aot_autograd/runtime_wrappers.py", line 2494, in _backward_impl
[rank0]:     out = call_func_at_runtime_with_args(
[rank0]:   File "/home/phuc/workspace/moe/moe_ablations/torchtitan/env/lib/python3.10/site-packages/torch/_functorch/_aot_autograd/utils.py", line 134, in call_func_at_runtime_with_args
[rank0]:     out = normalize_as_list(f(args))
[rank0]:   File "/home/phuc/workspace/moe/moe_ablations/torchtitan/env/lib/python3.10/site-packages/torch/_dynamo/eval_frame.py", line 1191, in _fn
[rank0]:     return fn(*args, **kwargs)
[rank0]:   File "/home/phuc/workspace/moe/moe_ablations/torchtitan/env/lib/python3.10/site-packages/torch/_inductor/output_code.py", line 638, in __call__
[rank0]:     return self.current_callable(inputs)
[rank0]:   File "/home/phuc/workspace/moe/moe_ablations/torchtitan/env/lib/python3.10/site-packages/torch/_inductor/utils.py", line 3247, in run
[rank0]:     out = model(new_inputs)
[rank0]:   File "/tmp/torchinductor_id_ed25519_nous_work/ux/cuxsmbcmusc6yypvymqaea4gtjbk3hznxn5kj3kihzaixqxhdzks.py", line 205, in call
[rank0]:     buf1 = empty_strided_cuda((393216, 151936), (151936, 1), torch.bfloat16)
[rank0]: torch.OutOfMemoryError: CUDA out of memory. Tried to allocate 111.28 GiB. GPU 0 has a total capacity of 178.36 GiB of which 29.70 GiB is free. Including non-PyTorch memory, this process has 148.64 GiB memory in use. Of the allocated memory 146.43 GiB is allocated by PyTorch, and 91.98 MiB is reserved by PyTorch but unallocated. If reserved but unallocated memory is large try setting PYTORCH_ALLOC_CONF=expandable_segments:True to avoid fragmentation.  See documentation for Memory Management  (https://pytorch.org/docs/stable/notes/cuda.html#environment-variables)
[rank6]: Traceback (most recent call last):
[rank6]:   File "/home/phuc/workspace/moe/moe_ablations/torchtitan/env/lib/python3.10/runpy.py", line 196, in _run_module_as_main
[rank6]:     return _run_code(code, main_globals, None,
[rank6]:   File "/home/phuc/workspace/moe/moe_ablations/torchtitan/env/lib/python3.10/runpy.py", line 86, in _run_code
[rank6]:     exec(code, run_globals)
[rank6]:   File "/home/phuc/workspace/moe/moe_ablations/torchtitan/torchtitan/train.py", line 864, in <module>
[rank6]:     main(Trainer)
[rank6]:   File "/home/phuc/workspace/moe/moe_ablations/torchtitan/torchtitan/train.py", line 852, in main
[rank6]:     trainer.train()
[rank6]:   File "/home/phuc/workspace/moe/moe_ablations/torchtitan/env/lib/python3.10/site-packages/torch/distributed/elastic/multiprocessing/errors/__init__.py", line 362, in wrapper
[rank6]:     return f(*args, **kwargs)
[rank6]:   File "/home/phuc/workspace/moe/moe_ablations/torchtitan/torchtitan/train.py", line 772, in train
[rank6]:     self.train_step(data_iterator)
[rank6]:   File "/home/phuc/workspace/moe/moe_ablations/torchtitan/torchtitan/train.py", line 671, in train_step
[rank6]:     loss = self.forward_backward_step(input_dict, labels)
[rank6]:   File "/home/phuc/workspace/moe/moe_ablations/torchtitan/torchtitan/train.py", line 651, in forward_backward_step
[rank6]:     loss.backward()
[rank6]:   File "/home/phuc/workspace/moe/moe_ablations/torchtitan/env/lib/python3.10/site-packages/torch/_tensor.py", line 631, in backward
[rank6]:     torch.autograd.backward(
[rank6]:   File "/home/phuc/workspace/moe/moe_ablations/torchtitan/env/lib/python3.10/site-packages/torch/autograd/__init__.py", line 365, in backward
[rank6]:     _engine_run_backward(
[rank6]:   File "/home/phuc/workspace/moe/moe_ablations/torchtitan/env/lib/python3.10/site-packages/torch/autograd/graph.py", line 865, in _engine_run_backward
[rank6]:     return Variable._execution_engine.run_backward(  # Calls into the C++ engine to run the backward pass
[rank6]:   File "/home/phuc/workspace/moe/moe_ablations/torchtitan/env/lib/python3.10/site-packages/torch/autograd/function.py", line 317, in apply
[rank6]:     return user_fn(self, *args)
[rank6]:   File "/home/phuc/workspace/moe/moe_ablations/torchtitan/env/lib/python3.10/site-packages/torch/_functorch/_aot_autograd/runtime_wrappers.py", line 2338, in backward
[rank6]:     return impl_fn()
[rank6]:   File "/home/phuc/workspace/moe/moe_ablations/torchtitan/env/lib/python3.10/site-packages/torch/_functorch/_aot_autograd/runtime_wrappers.py", line 2324, in impl_fn
[rank6]:     out = CompiledFunction._backward_impl(ctx, all_args)
[rank6]:   File "/home/phuc/workspace/moe/moe_ablations/torchtitan/env/lib/python3.10/site-packages/torch/_functorch/_aot_autograd/runtime_wrappers.py", line 2494, in _backward_impl
[rank6]:     out = call_func_at_runtime_with_args(
[rank6]:   File "/home/phuc/workspace/moe/moe_ablations/torchtitan/env/lib/python3.10/site-packages/torch/_functorch/_aot_autograd/utils.py", line 134, in call_func_at_runtime_with_args
[rank6]:     out = normalize_as_list(f(args))
[rank6]:   File "/home/phuc/workspace/moe/moe_ablations/torchtitan/env/lib/python3.10/site-packages/torch/_dynamo/eval_frame.py", line 1191, in _fn
[rank6]:     return fn(*args, **kwargs)
[rank6]:   File "/home/phuc/workspace/moe/moe_ablations/torchtitan/env/lib/python3.10/site-packages/torch/_inductor/output_code.py", line 638, in __call__
[rank6]:     return self.current_callable(inputs)
[rank6]:   File "/home/phuc/workspace/moe/moe_ablations/torchtitan/env/lib/python3.10/site-packages/torch/_inductor/utils.py", line 3247, in run
[rank6]:     out = model(new_inputs)
[rank6]:   File "/tmp/torchinductor_id_ed25519_nous_work/3f/c3fxjwwn6nk7fz7pu3hnynxogde7kkk2kqnzxprchdnecbes4nc7.py", line 205, in call
[rank6]:     buf1 = empty_strided_cuda((393216, 151936), (151936, 1), torch.bfloat16)
[rank6]: torch.OutOfMemoryError: CUDA out of memory. Tried to allocate 111.28 GiB. GPU 6 has a total capacity of 178.36 GiB of which 29.70 GiB is free. Including non-PyTorch memory, this process has 148.64 GiB memory in use. Of the allocated memory 146.43 GiB is allocated by PyTorch, and 91.98 MiB is reserved by PyTorch but unallocated. If reserved but unallocated memory is large try setting PYTORCH_ALLOC_CONF=expandable_segments:True to avoid fragmentation.  See documentation for Memory Management  (https://pytorch.org/docs/stable/notes/cuda.html#environment-variables)
[rank4]: Traceback (most recent call last):
[rank4]:   File "/home/phuc/workspace/moe/moe_ablations/torchtitan/env/lib/python3.10/runpy.py", line 196, in _run_module_as_main
[rank4]:     return _run_code(code, main_globals, None,
[rank4]:   File "/home/phuc/workspace/moe/moe_ablations/torchtitan/env/lib/python3.10/runpy.py", line 86, in _run_code
[rank4]:     exec(code, run_globals)
[rank4]:   File "/home/phuc/workspace/moe/moe_ablations/torchtitan/torchtitan/train.py", line 864, in <module>
[rank4]:     main(Trainer)
[rank4]:   File "/home/phuc/workspace/moe/moe_ablations/torchtitan/torchtitan/train.py", line 852, in main
[rank4]:     trainer.train()
[rank4]:   File "/home/phuc/workspace/moe/moe_ablations/torchtitan/env/lib/python3.10/site-packages/torch/distributed/elastic/multiprocessing/errors/__init__.py", line 362, in wrapper
[rank4]:     return f(*args, **kwargs)
[rank4]:   File "/home/phuc/workspace/moe/moe_ablations/torchtitan/torchtitan/train.py", line 772, in train
[rank4]:     self.train_step(data_iterator)
[rank4]:   File "/home/phuc/workspace/moe/moe_ablations/torchtitan/torchtitan/train.py", line 671, in train_step
[rank4]:     loss = self.forward_backward_step(input_dict, labels)
[rank4]:   File "/home/phuc/workspace/moe/moe_ablations/torchtitan/torchtitan/train.py", line 651, in forward_backward_step
[rank4]:     loss.backward()
[rank4]:   File "/home/phuc/workspace/moe/moe_ablations/torchtitan/env/lib/python3.10/site-packages/torch/_tensor.py", line 631, in backward
[rank4]:     torch.autograd.backward(
[rank4]:   File "/home/phuc/workspace/moe/moe_ablations/torchtitan/env/lib/python3.10/site-packages/torch/autograd/__init__.py", line 365, in backward
[rank4]:     _engine_run_backward(
[rank4]:   File "/home/phuc/workspace/moe/moe_ablations/torchtitan/env/lib/python3.10/site-packages/torch/autograd/graph.py", line 865, in _engine_run_backward
[rank4]:     return Variable._execution_engine.run_backward(  # Calls into the C++ engine to run the backward pass
[rank4]:   File "/home/phuc/workspace/moe/moe_ablations/torchtitan/env/lib/python3.10/site-packages/torch/autograd/function.py", line 317, in apply
[rank4]:     return user_fn(self, *args)
[rank4]:   File "/home/phuc/workspace/moe/moe_ablations/torchtitan/env/lib/python3.10/site-packages/torch/_functorch/_aot_autograd/runtime_wrappers.py", line 2338, in backward
[rank4]:     return impl_fn()
[rank4]:   File "/home/phuc/workspace/moe/moe_ablations/torchtitan/env/lib/python3.10/site-packages/torch/_functorch/_aot_autograd/runtime_wrappers.py", line 2324, in impl_fn
[rank4]:     out = CompiledFunction._backward_impl(ctx, all_args)
[rank4]:   File "/home/phuc/workspace/moe/moe_ablations/torchtitan/env/lib/python3.10/site-packages/torch/_functorch/_aot_autograd/runtime_wrappers.py", line 2494, in _backward_impl
[rank4]:     out = call_func_at_runtime_with_args(
[rank4]:   File "/home/phuc/workspace/moe/moe_ablations/torchtitan/env/lib/python3.10/site-packages/torch/_functorch/_aot_autograd/utils.py", line 134, in call_func_at_runtime_with_args
[rank4]:     out = normalize_as_list(f(args))
[rank4]:   File "/home/phuc/workspace/moe/moe_ablations/torchtitan/env/lib/python3.10/site-packages/torch/_dynamo/eval_frame.py", line 1191, in _fn
[rank4]:     return fn(*args, **kwargs)
[rank4]:   File "/home/phuc/workspace/moe/moe_ablations/torchtitan/env/lib/python3.10/site-packages/torch/_inductor/output_code.py", line 638, in __call__
[rank4]:     return self.current_callable(inputs)
[rank4]:   File "/home/phuc/workspace/moe/moe_ablations/torchtitan/env/lib/python3.10/site-packages/torch/_inductor/utils.py", line 3247, in run
[rank4]:     out = model(new_inputs)
[rank4]:   File "/tmp/torchinductor_id_ed25519_nous_work/df/cdf7l2r4pfyzvatjgp6w25t7ryfjuunkt7hausb7xvsglnn5uahv.py", line 205, in call
[rank4]:     buf1 = empty_strided_cuda((393216, 151936), (151936, 1), torch.bfloat16)
[rank4]: torch.OutOfMemoryError: CUDA out of memory. Tried to allocate 111.28 GiB. GPU 4 has a total capacity of 178.36 GiB of which 29.70 GiB is free. Including non-PyTorch memory, this process has 148.64 GiB memory in use. Of the allocated memory 146.43 GiB is allocated by PyTorch, and 91.98 MiB is reserved by PyTorch but unallocated. If reserved but unallocated memory is large try setting PYTORCH_ALLOC_CONF=expandable_segments:True to avoid fragmentation.  See documentation for Memory Management  (https://pytorch.org/docs/stable/notes/cuda.html#environment-variables)
[rank7]: Traceback (most recent call last):
[rank7]:   File "/home/phuc/workspace/moe/moe_ablations/torchtitan/env/lib/python3.10/runpy.py", line 196, in _run_module_as_main
[rank7]:     return _run_code(code, main_globals, None,
[rank7]:   File "/home/phuc/workspace/moe/moe_ablations/torchtitan/env/lib/python3.10/runpy.py", line 86, in _run_code
[rank7]:     exec(code, run_globals)
[rank7]:   File "/home/phuc/workspace/moe/moe_ablations/torchtitan/torchtitan/train.py", line 864, in <module>
[rank7]:     main(Trainer)
[rank7]:   File "/home/phuc/workspace/moe/moe_ablations/torchtitan/torchtitan/train.py", line 852, in main
[rank7]:     trainer.train()
[rank7]:   File "/home/phuc/workspace/moe/moe_ablations/torchtitan/env/lib/python3.10/site-packages/torch/distributed/elastic/multiprocessing/errors/__init__.py", line 362, in wrapper
[rank7]:     return f(*args, **kwargs)
[rank7]:   File "/home/phuc/workspace/moe/moe_ablations/torchtitan/torchtitan/train.py", line 772, in train
[rank7]:     self.train_step(data_iterator)
[rank7]:   File "/home/phuc/workspace/moe/moe_ablations/torchtitan/torchtitan/train.py", line 671, in train_step
[rank7]:     loss = self.forward_backward_step(input_dict, labels)
[rank7]:   File "/home/phuc/workspace/moe/moe_ablations/torchtitan/torchtitan/train.py", line 651, in forward_backward_step
[rank7]:     loss.backward()
[rank7]:   File "/home/phuc/workspace/moe/moe_ablations/torchtitan/env/lib/python3.10/site-packages/torch/_tensor.py", line 631, in backward
[rank7]:     torch.autograd.backward(
[rank7]:   File "/home/phuc/workspace/moe/moe_ablations/torchtitan/env/lib/python3.10/site-packages/torch/autograd/__init__.py", line 365, in backward
[rank7]:     _engine_run_backward(
[rank7]:   File "/home/phuc/workspace/moe/moe_ablations/torchtitan/env/lib/python3.10/site-packages/torch/autograd/graph.py", line 865, in _engine_run_backward
[rank7]:     return Variable._execution_engine.run_backward(  # Calls into the C++ engine to run the backward pass
[rank7]:   File "/home/phuc/workspace/moe/moe_ablations/torchtitan/env/lib/python3.10/site-packages/torch/autograd/function.py", line 317, in apply
[rank7]:     return user_fn(self, *args)
[rank7]:   File "/home/phuc/workspace/moe/moe_ablations/torchtitan/env/lib/python3.10/site-packages/torch/_functorch/_aot_autograd/runtime_wrappers.py", line 2338, in backward
[rank7]:     return impl_fn()
[rank7]:   File "/home/phuc/workspace/moe/moe_ablations/torchtitan/env/lib/python3.10/site-packages/torch/_functorch/_aot_autograd/runtime_wrappers.py", line 2324, in impl_fn
[rank7]:     out = CompiledFunction._backward_impl(ctx, all_args)
[rank7]:   File "/home/phuc/workspace/moe/moe_ablations/torchtitan/env/lib/python3.10/site-packages/torch/_functorch/_aot_autograd/runtime_wrappers.py", line 2494, in _backward_impl
[rank7]:     out = call_func_at_runtime_with_args(
[rank7]:   File "/home/phuc/workspace/moe/moe_ablations/torchtitan/env/lib/python3.10/site-packages/torch/_functorch/_aot_autograd/utils.py", line 134, in call_func_at_runtime_with_args
[rank7]:     out = normalize_as_list(f(args))
[rank7]:   File "/home/phuc/workspace/moe/moe_ablations/torchtitan/env/lib/python3.10/site-packages/torch/_dynamo/eval_frame.py", line 1191, in _fn
[rank7]:     return fn(*args, **kwargs)
[rank7]:   File "/home/phuc/workspace/moe/moe_ablations/torchtitan/env/lib/python3.10/site-packages/torch/_inductor/output_code.py", line 638, in __call__
[rank7]:     return self.current_callable(inputs)
[rank7]:   File "/home/phuc/workspace/moe/moe_ablations/torchtitan/env/lib/python3.10/site-packages/torch/_inductor/utils.py", line 3247, in run
[rank7]:     out = model(new_inputs)
[rank7]:   File "/tmp/torchinductor_id_ed25519_nous_work/fs/cfsi6axreb2f5n5uc37ulkvursaa4k3kppi4mb5og64umz6prawd.py", line 205, in call
[rank7]:     buf1 = empty_strided_cuda((393216, 151936), (151936, 1), torch.bfloat16)
[rank7]: torch.OutOfMemoryError: CUDA out of memory. Tried to allocate 111.28 GiB. GPU 7 has a total capacity of 178.36 GiB of which 29.70 GiB is free. Including non-PyTorch memory, this process has 148.64 GiB memory in use. Of the allocated memory 146.43 GiB is allocated by PyTorch, and 91.98 MiB is reserved by PyTorch but unallocated. If reserved but unallocated memory is large try setting PYTORCH_ALLOC_CONF=expandable_segments:True to avoid fragmentation.  See documentation for Memory Management  (https://pytorch.org/docs/stable/notes/cuda.html#environment-variables)
[rank3]: Traceback (most recent call last):
[rank3]:   File "/home/phuc/workspace/moe/moe_ablations/torchtitan/env/lib/python3.10/runpy.py", line 196, in _run_module_as_main
[rank3]:     return _run_code(code, main_globals, None,
[rank3]:   File "/home/phuc/workspace/moe/moe_ablations/torchtitan/env/lib/python3.10/runpy.py", line 86, in _run_code
[rank3]:     exec(code, run_globals)
[rank3]:   File "/home/phuc/workspace/moe/moe_ablations/torchtitan/torchtitan/train.py", line 864, in <module>
[rank3]:     main(Trainer)
[rank3]:   File "/home/phuc/workspace/moe/moe_ablations/torchtitan/torchtitan/train.py", line 852, in main
[rank3]:     trainer.train()
[rank3]:   File "/home/phuc/workspace/moe/moe_ablations/torchtitan/env/lib/python3.10/site-packages/torch/distributed/elastic/multiprocessing/errors/__init__.py", line 362, in wrapper
[rank3]:     return f(*args, **kwargs)
[rank3]:   File "/home/phuc/workspace/moe/moe_ablations/torchtitan/torchtitan/train.py", line 772, in train
[rank3]:     self.train_step(data_iterator)
[rank3]:   File "/home/phuc/workspace/moe/moe_ablations/torchtitan/torchtitan/train.py", line 671, in train_step
[rank3]:     loss = self.forward_backward_step(input_dict, labels)
[rank3]:   File "/home/phuc/workspace/moe/moe_ablations/torchtitan/torchtitan/train.py", line 651, in forward_backward_step
[rank3]:     loss.backward()
[rank3]:   File "/home/phuc/workspace/moe/moe_ablations/torchtitan/env/lib/python3.10/site-packages/torch/_tensor.py", line 631, in backward
[rank3]:     torch.autograd.backward(
[rank3]:   File "/home/phuc/workspace/moe/moe_ablations/torchtitan/env/lib/python3.10/site-packages/torch/autograd/__init__.py", line 365, in backward
[rank3]:     _engine_run_backward(
[rank3]:   File "/home/phuc/workspace/moe/moe_ablations/torchtitan/env/lib/python3.10/site-packages/torch/autograd/graph.py", line 865, in _engine_run_backward
[rank3]:     return Variable._execution_engine.run_backward(  # Calls into the C++ engine to run the backward pass
[rank3]:   File "/home/phuc/workspace/moe/moe_ablations/torchtitan/env/lib/python3.10/site-packages/torch/autograd/function.py", line 317, in apply
[rank3]:     return user_fn(self, *args)
[rank3]:   File "/home/phuc/workspace/moe/moe_ablations/torchtitan/env/lib/python3.10/site-packages/torch/_functorch/_aot_autograd/runtime_wrappers.py", line 2338, in backward
[rank3]:     return impl_fn()
[rank3]:   File "/home/phuc/workspace/moe/moe_ablations/torchtitan/env/lib/python3.10/site-packages/torch/_functorch/_aot_autograd/runtime_wrappers.py", line 2324, in impl_fn
[rank3]:     out = CompiledFunction._backward_impl(ctx, all_args)
[rank3]:   File "/home/phuc/workspace/moe/moe_ablations/torchtitan/env/lib/python3.10/site-packages/torch/_functorch/_aot_autograd/runtime_wrappers.py", line 2494, in _backward_impl
[rank3]:     out = call_func_at_runtime_with_args(
[rank3]:   File "/home/phuc/workspace/moe/moe_ablations/torchtitan/env/lib/python3.10/site-packages/torch/_functorch/_aot_autograd/utils.py", line 134, in call_func_at_runtime_with_args
[rank3]:     out = normalize_as_list(f(args))
[rank3]:   File "/home/phuc/workspace/moe/moe_ablations/torchtitan/env/lib/python3.10/site-packages/torch/_dynamo/eval_frame.py", line 1191, in _fn
[rank3]:     return fn(*args, **kwargs)
[rank3]:   File "/home/phuc/workspace/moe/moe_ablations/torchtitan/env/lib/python3.10/site-packages/torch/_inductor/output_code.py", line 638, in __call__
[rank3]:     return self.current_callable(inputs)
[rank3]:   File "/home/phuc/workspace/moe/moe_ablations/torchtitan/env/lib/python3.10/site-packages/torch/_inductor/utils.py", line 3247, in run
[rank3]:     out = model(new_inputs)
[rank3]:   File "/tmp/torchinductor_id_ed25519_nous_work/gm/cgmsin4pxndldgcasvdfsakcnmab6ybhdu52c4ylkyw2tpztal7f.py", line 205, in call
[rank3]:     buf1 = empty_strided_cuda((393216, 151936), (151936, 1), torch.bfloat16)
[rank3]: torch.OutOfMemoryError: CUDA out of memory. Tried to allocate 111.28 GiB. GPU 3 has a total capacity of 178.36 GiB of which 29.70 GiB is free. Including non-PyTorch memory, this process has 148.64 GiB memory in use. Of the allocated memory 146.43 GiB is allocated by PyTorch, and 91.98 MiB is reserved by PyTorch but unallocated. If reserved but unallocated memory is large try setting PYTORCH_ALLOC_CONF=expandable_segments:True to avoid fragmentation.  See documentation for Memory Management  (https://pytorch.org/docs/stable/notes/cuda.html#environment-variables)
[rank5]: Traceback (most recent call last):
[rank5]:   File "/home/phuc/workspace/moe/moe_ablations/torchtitan/env/lib/python3.10/runpy.py", line 196, in _run_module_as_main
[rank5]:     return _run_code(code, main_globals, None,
[rank5]:   File "/home/phuc/workspace/moe/moe_ablations/torchtitan/env/lib/python3.10/runpy.py", line 86, in _run_code
[rank5]:     exec(code, run_globals)
[rank5]:   File "/home/phuc/workspace/moe/moe_ablations/torchtitan/torchtitan/train.py", line 864, in <module>
[rank5]:     main(Trainer)
[rank5]:   File "/home/phuc/workspace/moe/moe_ablations/torchtitan/torchtitan/train.py", line 852, in main
[rank5]:     trainer.train()
[rank5]:   File "/home/phuc/workspace/moe/moe_ablations/torchtitan/env/lib/python3.10/site-packages/torch/distributed/elastic/multiprocessing/errors/__init__.py", line 362, in wrapper
[rank5]:     return f(*args, **kwargs)
[rank5]:   File "/home/phuc/workspace/moe/moe_ablations/torchtitan/torchtitan/train.py", line 772, in train
[rank5]:     self.train_step(data_iterator)
[rank5]:   File "/home/phuc/workspace/moe/moe_ablations/torchtitan/torchtitan/train.py", line 671, in train_step
[rank5]:     loss = self.forward_backward_step(input_dict, labels)
[rank5]:   File "/home/phuc/workspace/moe/moe_ablations/torchtitan/torchtitan/train.py", line 651, in forward_backward_step
[rank5]:     loss.backward()
[rank5]:   File "/home/phuc/workspace/moe/moe_ablations/torchtitan/env/lib/python3.10/site-packages/torch/_tensor.py", line 631, in backward
[rank5]:     torch.autograd.backward(
[rank5]:   File "/home/phuc/workspace/moe/moe_ablations/torchtitan/env/lib/python3.10/site-packages/torch/autograd/__init__.py", line 365, in backward
[rank5]:     _engine_run_backward(
[rank5]:   File "/home/phuc/workspace/moe/moe_ablations/torchtitan/env/lib/python3.10/site-packages/torch/autograd/graph.py", line 865, in _engine_run_backward
[rank5]:     return Variable._execution_engine.run_backward(  # Calls into the C++ engine to run the backward pass
[rank5]:   File "/home/phuc/workspace/moe/moe_ablations/torchtitan/env/lib/python3.10/site-packages/torch/autograd/function.py", line 317, in apply
[rank5]:     return user_fn(self, *args)
[rank5]:   File "/home/phuc/workspace/moe/moe_ablations/torchtitan/env/lib/python3.10/site-packages/torch/_functorch/_aot_autograd/runtime_wrappers.py", line 2338, in backward
[rank5]:     return impl_fn()
[rank5]:   File "/home/phuc/workspace/moe/moe_ablations/torchtitan/env/lib/python3.10/site-packages/torch/_functorch/_aot_autograd/runtime_wrappers.py", line 2324, in impl_fn
[rank5]:     out = CompiledFunction._backward_impl(ctx, all_args)
[rank5]:   File "/home/phuc/workspace/moe/moe_ablations/torchtitan/env/lib/python3.10/site-packages/torch/_functorch/_aot_autograd/runtime_wrappers.py", line 2494, in _backward_impl
[rank5]:     out = call_func_at_runtime_with_args(
[rank5]:   File "/home/phuc/workspace/moe/moe_ablations/torchtitan/env/lib/python3.10/site-packages/torch/_functorch/_aot_autograd/utils.py", line 134, in call_func_at_runtime_with_args
[rank5]:     out = normalize_as_list(f(args))
[rank5]:   File "/home/phuc/workspace/moe/moe_ablations/torchtitan/env/lib/python3.10/site-packages/torch/_dynamo/eval_frame.py", line 1191, in _fn
[rank5]:     return fn(*args, **kwargs)
[rank5]:   File "/home/phuc/workspace/moe/moe_ablations/torchtitan/env/lib/python3.10/site-packages/torch/_inductor/output_code.py", line 638, in __call__
[rank5]:     return self.current_callable(inputs)
[rank5]:   File "/home/phuc/workspace/moe/moe_ablations/torchtitan/env/lib/python3.10/site-packages/torch/_inductor/utils.py", line 3247, in run
[rank5]:     out = model(new_inputs)
[rank5]:   File "/tmp/torchinductor_id_ed25519_nous_work/d4/cd4y6kk3s5revkagrff53uvyzbu4hw5pchuy535vzdysdo5t4vhf.py", line 205, in call
[rank5]:     buf1 = empty_strided_cuda((393216, 151936), (151936, 1), torch.bfloat16)
[rank5]: torch.OutOfMemoryError: CUDA out of memory. Tried to allocate 111.28 GiB. GPU 5 has a total capacity of 178.36 GiB of which 29.70 GiB is free. Including non-PyTorch memory, this process has 148.64 GiB memory in use. Of the allocated memory 146.43 GiB is allocated by PyTorch, and 91.98 MiB is reserved by PyTorch but unallocated. If reserved but unallocated memory is large try setting PYTORCH_ALLOC_CONF=expandable_segments:True to avoid fragmentation.  See documentation for Memory Management  (https://pytorch.org/docs/stable/notes/cuda.html#environment-variables)
[rank2]: Traceback (most recent call last):
[rank2]:   File "/home/phuc/workspace/moe/moe_ablations/torchtitan/env/lib/python3.10/runpy.py", line 196, in _run_module_as_main
[rank2]:     return _run_code(code, main_globals, None,
[rank2]:   File "/home/phuc/workspace/moe/moe_ablations/torchtitan/env/lib/python3.10/runpy.py", line 86, in _run_code
[rank2]:     exec(code, run_globals)
[rank2]:   File "/home/phuc/workspace/moe/moe_ablations/torchtitan/torchtitan/train.py", line 864, in <module>
[rank2]:     main(Trainer)
[rank2]:   File "/home/phuc/workspace/moe/moe_ablations/torchtitan/torchtitan/train.py", line 852, in main
[rank2]:     trainer.train()
[rank2]:   File "/home/phuc/workspace/moe/moe_ablations/torchtitan/env/lib/python3.10/site-packages/torch/distributed/elastic/multiprocessing/errors/__init__.py", line 362, in wrapper
[rank2]:     return f(*args, **kwargs)
[rank2]:   File "/home/phuc/workspace/moe/moe_ablations/torchtitan/torchtitan/train.py", line 772, in train
[rank2]:     self.train_step(data_iterator)
[rank2]:   File "/home/phuc/workspace/moe/moe_ablations/torchtitan/torchtitan/train.py", line 671, in train_step
[rank2]:     loss = self.forward_backward_step(input_dict, labels)
[rank2]:   File "/home/phuc/workspace/moe/moe_ablations/torchtitan/torchtitan/train.py", line 651, in forward_backward_step
[rank2]:     loss.backward()
[rank2]:   File "/home/phuc/workspace/moe/moe_ablations/torchtitan/env/lib/python3.10/site-packages/torch/_tensor.py", line 631, in backward
[rank2]:     torch.autograd.backward(
[rank2]:   File "/home/phuc/workspace/moe/moe_ablations/torchtitan/env/lib/python3.10/site-packages/torch/autograd/__init__.py", line 365, in backward
[rank2]:     _engine_run_backward(
[rank2]:   File "/home/phuc/workspace/moe/moe_ablations/torchtitan/env/lib/python3.10/site-packages/torch/autograd/graph.py", line 865, in _engine_run_backward
[rank2]:     return Variable._execution_engine.run_backward(  # Calls into the C++ engine to run the backward pass
[rank2]:   File "/home/phuc/workspace/moe/moe_ablations/torchtitan/env/lib/python3.10/site-packages/torch/autograd/function.py", line 317, in apply
[rank2]:     return user_fn(self, *args)
[rank2]:   File "/home/phuc/workspace/moe/moe_ablations/torchtitan/env/lib/python3.10/site-packages/torch/_functorch/_aot_autograd/runtime_wrappers.py", line 2338, in backward
[rank2]:     return impl_fn()
[rank2]:   File "/home/phuc/workspace/moe/moe_ablations/torchtitan/env/lib/python3.10/site-packages/torch/_functorch/_aot_autograd/runtime_wrappers.py", line 2324, in impl_fn
[rank2]:     out = CompiledFunction._backward_impl(ctx, all_args)
[rank2]:   File "/home/phuc/workspace/moe/moe_ablations/torchtitan/env/lib/python3.10/site-packages/torch/_functorch/_aot_autograd/runtime_wrappers.py", line 2494, in _backward_impl
[rank2]:     out = call_func_at_runtime_with_args(
[rank2]:   File "/home/phuc/workspace/moe/moe_ablations/torchtitan/env/lib/python3.10/site-packages/torch/_functorch/_aot_autograd/utils.py", line 134, in call_func_at_runtime_with_args
[rank2]:     out = normalize_as_list(f(args))
[rank2]:   File "/home/phuc/workspace/moe/moe_ablations/torchtitan/env/lib/python3.10/site-packages/torch/_dynamo/eval_frame.py", line 1191, in _fn
[rank2]:     return fn(*args, **kwargs)
[rank2]:   File "/home/phuc/workspace/moe/moe_ablations/torchtitan/env/lib/python3.10/site-packages/torch/_inductor/output_code.py", line 638, in __call__
[rank2]:     return self.current_callable(inputs)
[rank2]:   File "/home/phuc/workspace/moe/moe_ablations/torchtitan/env/lib/python3.10/site-packages/torch/_inductor/utils.py", line 3247, in run
[rank2]:     out = model(new_inputs)
[rank2]:   File "/tmp/torchinductor_id_ed25519_nous_work/re/crejbynxjzeg7r75nbjhehodfghti5ile5ds6ee7wnpavevti3dm.py", line 205, in call
[rank2]:     buf1 = empty_strided_cuda((393216, 151936), (151936, 1), torch.bfloat16)
[rank2]: torch.OutOfMemoryError: CUDA out of memory. Tried to allocate 111.28 GiB. GPU 2 has a total capacity of 178.36 GiB of which 29.70 GiB is free. Including non-PyTorch memory, this process has 148.64 GiB memory in use. Of the allocated memory 146.43 GiB is allocated by PyTorch, and 91.98 MiB is reserved by PyTorch but unallocated. If reserved but unallocated memory is large try setting PYTORCH_ALLOC_CONF=expandable_segments:True to avoid fragmentation.  See documentation for Memory Management  (https://pytorch.org/docs/stable/notes/cuda.html#environment-variables)
W1217 17:00:47.067000 1862998 site-packages/torch/distributed/elastic/multiprocessing/api.py:1010] Sending process 1863090 closing signal SIGTERM
W1217 17:00:47.068000 1862998 site-packages/torch/distributed/elastic/multiprocessing/api.py:1010] Sending process 1863092 closing signal SIGTERM
W1217 17:00:47.068000 1862998 site-packages/torch/distributed/elastic/multiprocessing/api.py:1010] Sending process 1863093 closing signal SIGTERM
W1217 17:00:47.068000 1862998 site-packages/torch/distributed/elastic/multiprocessing/api.py:1010] Sending process 1863094 closing signal SIGTERM
W1217 17:00:47.068000 1862998 site-packages/torch/distributed/elastic/multiprocessing/api.py:1010] Sending process 1863095 closing signal SIGTERM
W1217 17:00:47.068000 1862998 site-packages/torch/distributed/elastic/multiprocessing/api.py:1010] Sending process 1863096 closing signal SIGTERM
W1217 17:00:47.068000 1862998 site-packages/torch/distributed/elastic/multiprocessing/api.py:1010] Sending process 1863097 closing signal SIGTERM
E1217 17:00:51.802000 1862998 site-packages/torch/distributed/elastic/multiprocessing/api.py:984] failed (exitcode: 1) local_rank: 1 (pid: 1863091) of binary: /home/phuc/workspace/moe/moe_ablations/torchtitan/env/bin/python3.10
E1217 17:00:51.805000 1862998 site-packages/torch/distributed/elastic/multiprocessing/errors/error_handler.py:145] no error file defined for parent, to copy child error file (/tmp/torchelastic_6uv3fw5i/none_43ljtk96/attempt_0/1/error.json)
Traceback (most recent call last):
  File "/home/phuc/workspace/moe/moe_ablations/torchtitan/env/bin/torchrun", line 7, in <module>
    sys.exit(main())
  File "/home/phuc/workspace/moe/moe_ablations/torchtitan/env/lib/python3.10/site-packages/torch/distributed/elastic/multiprocessing/errors/__init__.py", line 362, in wrapper
    return f(*args, **kwargs)
  File "/home/phuc/workspace/moe/moe_ablations/torchtitan/env/lib/python3.10/site-packages/torch/distributed/run.py", line 992, in main
    run(args)
  File "/home/phuc/workspace/moe/moe_ablations/torchtitan/env/lib/python3.10/site-packages/torch/distributed/run.py", line 983, in run
    elastic_launch(
  File "/home/phuc/workspace/moe/moe_ablations/torchtitan/env/lib/python3.10/site-packages/torch/distributed/launcher/api.py", line 170, in __call__
    return launch_agent(self._config, self._entrypoint, list(args))
  File "/home/phuc/workspace/moe/moe_ablations/torchtitan/env/lib/python3.10/site-packages/torch/distributed/launcher/api.py", line 317, in launch_agent
    raise ChildFailedError(
torch.distributed.elastic.multiprocessing.errors.ChildFailedError: 
============================================================
torchtitan.train FAILED
------------------------------------------------------------
Failures:
[1]:
  time      : 2025-12-17_17:00:42
  host      : d2dfac12-022.cloud.together.ai
  rank      : 0 (local_rank: 0)
  exitcode  : 1 (pid: 1863090)
  error_file: /tmp/torchelastic_6uv3fw5i/none_43ljtk96/attempt_0/0/error.json
  traceback : Traceback (most recent call last):
    File "/home/phuc/workspace/moe/moe_ablations/torchtitan/env/lib/python3.10/site-packages/torch/distributed/elastic/multiprocessing/errors/__init__.py", line 362, in wrapper
      return f(*args, **kwargs)
    File "/home/phuc/workspace/moe/moe_ablations/torchtitan/torchtitan/train.py", line 772, in train
      self.train_step(data_iterator)
    File "/home/phuc/workspace/moe/moe_ablations/torchtitan/torchtitan/train.py", line 671, in train_step
      loss = self.forward_backward_step(input_dict, labels)
    File "/home/phuc/workspace/moe/moe_ablations/torchtitan/torchtitan/train.py", line 651, in forward_backward_step
      loss.backward()
    File "/home/phuc/workspace/moe/moe_ablations/torchtitan/env/lib/python3.10/site-packages/torch/_tensor.py", line 631, in backward
      torch.autograd.backward(
    File "/home/phuc/workspace/moe/moe_ablations/torchtitan/env/lib/python3.10/site-packages/torch/autograd/__init__.py", line 365, in backward
      _engine_run_backward(
    File "/home/phuc/workspace/moe/moe_ablations/torchtitan/env/lib/python3.10/site-packages/torch/autograd/graph.py", line 865, in _engine_run_backward
      return Variable._execution_engine.run_backward(  # Calls into the C++ engine to run the backward pass
    File "/home/phuc/workspace/moe/moe_ablations/torchtitan/env/lib/python3.10/site-packages/torch/autograd/function.py", line 317, in apply
      return user_fn(self, *args)
    File "/home/phuc/workspace/moe/moe_ablations/torchtitan/env/lib/python3.10/site-packages/torch/_functorch/_aot_autograd/runtime_wrappers.py", line 2338, in backward
      return impl_fn()
    File "/home/phuc/workspace/moe/moe_ablations/torchtitan/env/lib/python3.10/site-packages/torch/_functorch/_aot_autograd/runtime_wrappers.py", line 2324, in impl_fn
      out = CompiledFunction._backward_impl(ctx, all_args)
    File "/home/phuc/workspace/moe/moe_ablations/torchtitan/env/lib/python3.10/site-packages/torch/_functorch/_aot_autograd/runtime_wrappers.py", line 2494, in _backward_impl
      out = call_func_at_runtime_with_args(
    File "/home/phuc/workspace/moe/moe_ablations/torchtitan/env/lib/python3.10/site-packages/torch/_functorch/_aot_autograd/utils.py", line 134, in call_func_at_runtime_with_args
      out = normalize_as_list(f(args))
    File "/home/phuc/workspace/moe/moe_ablations/torchtitan/env/lib/python3.10/site-packages/torch/_dynamo/eval_frame.py", line 1191, in _fn
      return fn(*args, **kwargs)
    File "/home/phuc/workspace/moe/moe_ablations/torchtitan/env/lib/python3.10/site-packages/torch/_inductor/output_code.py", line 638, in __call__
      return self.current_callable(inputs)
    File "/home/phuc/workspace/moe/moe_ablations/torchtitan/env/lib/python3.10/site-packages/torch/_inductor/utils.py", line 3247, in run
      out = model(new_inputs)
    File "/tmp/torchinductor_id_ed25519_nous_work/ux/cuxsmbcmusc6yypvymqaea4gtjbk3hznxn5kj3kihzaixqxhdzks.py", line 205, in call
      buf1 = empty_strided_cuda((393216, 151936), (151936, 1), torch.bfloat16)
  torch.OutOfMemoryError: CUDA out of memory. Tried to allocate 111.28 GiB. GPU 0 has a total capacity of 178.36 GiB of which 29.70 GiB is free. Including non-PyTorch memory, this process has 148.64 GiB memory in use. Of the allocated memory 146.43 GiB is allocated by PyTorch, and 91.98 MiB is reserved by PyTorch but unallocated. If reserved but unallocated memory is large try setting PYTORCH_ALLOC_CONF=expandable_segments:True to avoid fragmentation.  See documentation for Memory Management  (https://pytorch.org/docs/stable/notes/cuda.html#environment-variables)
  
[2]:
  time      : 2025-12-17_17:00:43
  host      : d2dfac12-022.cloud.together.ai
  rank      : 2 (local_rank: 2)
  exitcode  : 1 (pid: 1863092)
  error_file: /tmp/torchelastic_6uv3fw5i/none_43ljtk96/attempt_0/2/error.json
  traceback : Traceback (most recent call last):
    File "/home/phuc/workspace/moe/moe_ablations/torchtitan/env/lib/python3.10/site-packages/torch/distributed/elastic/multiprocessing/errors/__init__.py", line 362, in wrapper
      return f(*args, **kwargs)
    File "/home/phuc/workspace/moe/moe_ablations/torchtitan/torchtitan/train.py", line 772, in train
      self.train_step(data_iterator)
    File "/home/phuc/workspace/moe/moe_ablations/torchtitan/torchtitan/train.py", line 671, in train_step
      loss = self.forward_backward_step(input_dict, labels)
    File "/home/phuc/workspace/moe/moe_ablations/torchtitan/torchtitan/train.py", line 651, in forward_backward_step
      loss.backward()
    File "/home/phuc/workspace/moe/moe_ablations/torchtitan/env/lib/python3.10/site-packages/torch/_tensor.py", line 631, in backward
      torch.autograd.backward(
    File "/home/phuc/workspace/moe/moe_ablations/torchtitan/env/lib/python3.10/site-packages/torch/autograd/__init__.py", line 365, in backward
      _engine_run_backward(
    File "/home/phuc/workspace/moe/moe_ablations/torchtitan/env/lib/python3.10/site-packages/torch/autograd/graph.py", line 865, in _engine_run_backward
      return Variable._execution_engine.run_backward(  # Calls into the C++ engine to run the backward pass
    File "/home/phuc/workspace/moe/moe_ablations/torchtitan/env/lib/python3.10/site-packages/torch/autograd/function.py", line 317, in apply
      return user_fn(self, *args)
    File "/home/phuc/workspace/moe/moe_ablations/torchtitan/env/lib/python3.10/site-packages/torch/_functorch/_aot_autograd/runtime_wrappers.py", line 2338, in backward
      return impl_fn()
    File "/home/phuc/workspace/moe/moe_ablations/torchtitan/env/lib/python3.10/site-packages/torch/_functorch/_aot_autograd/runtime_wrappers.py", line 2324, in impl_fn
      out = CompiledFunction._backward_impl(ctx, all_args)
    File "/home/phuc/workspace/moe/moe_ablations/torchtitan/env/lib/python3.10/site-packages/torch/_functorch/_aot_autograd/runtime_wrappers.py", line 2494, in _backward_impl
      out = call_func_at_runtime_with_args(
    File "/home/phuc/workspace/moe/moe_ablations/torchtitan/env/lib/python3.10/site-packages/torch/_functorch/_aot_autograd/utils.py", line 134, in call_func_at_runtime_with_args
      out = normalize_as_list(f(args))
    File "/home/phuc/workspace/moe/moe_ablations/torchtitan/env/lib/python3.10/site-packages/torch/_dynamo/eval_frame.py", line 1191, in _fn
      return fn(*args, **kwargs)
    File "/home/phuc/workspace/moe/moe_ablations/torchtitan/env/lib/python3.10/site-packages/torch/_inductor/output_code.py", line 638, in __call__
      return self.current_callable(inputs)
    File "/home/phuc/workspace/moe/moe_ablations/torchtitan/env/lib/python3.10/site-packages/torch/_inductor/utils.py", line 3247, in run
      out = model(new_inputs)
    File "/tmp/torchinductor_id_ed25519_nous_work/re/crejbynxjzeg7r75nbjhehodfghti5ile5ds6ee7wnpavevti3dm.py", line 205, in call
      buf1 = empty_strided_cuda((393216, 151936), (151936, 1), torch.bfloat16)
  torch.OutOfMemoryError: CUDA out of memory. Tried to allocate 111.28 GiB. GPU 2 has a total capacity of 178.36 GiB of which 29.70 GiB is free. Including non-PyTorch memory, this process has 148.64 GiB memory in use. Of the allocated memory 146.43 GiB is allocated by PyTorch, and 91.98 MiB is reserved by PyTorch but unallocated. If reserved but unallocated memory is large try setting PYTORCH_ALLOC_CONF=expandable_segments:True to avoid fragmentation.  See documentation for Memory Management  (https://pytorch.org/docs/stable/notes/cuda.html#environment-variables)
  
[3]:
  time      : 2025-12-17_17:00:43
  host      : d2dfac12-022.cloud.together.ai
  rank      : 3 (local_rank: 3)
  exitcode  : 1 (pid: 1863093)
  error_file: /tmp/torchelastic_6uv3fw5i/none_43ljtk96/attempt_0/3/error.json
  traceback : Traceback (most recent call last):
    File "/home/phuc/workspace/moe/moe_ablations/torchtitan/env/lib/python3.10/site-packages/torch/distributed/elastic/multiprocessing/errors/__init__.py", line 362, in wrapper
      return f(*args, **kwargs)
    File "/home/phuc/workspace/moe/moe_ablations/torchtitan/torchtitan/train.py", line 772, in train
      self.train_step(data_iterator)
    File "/home/phuc/workspace/moe/moe_ablations/torchtitan/torchtitan/train.py", line 671, in train_step
      loss = self.forward_backward_step(input_dict, labels)
    File "/home/phuc/workspace/moe/moe_ablations/torchtitan/torchtitan/train.py", line 651, in forward_backward_step
      loss.backward()
    File "/home/phuc/workspace/moe/moe_ablations/torchtitan/env/lib/python3.10/site-packages/torch/_tensor.py", line 631, in backward
      torch.autograd.backward(
    File "/home/phuc/workspace/moe/moe_ablations/torchtitan/env/lib/python3.10/site-packages/torch/autograd/__init__.py", line 365, in backward
      _engine_run_backward(
    File "/home/phuc/workspace/moe/moe_ablations/torchtitan/env/lib/python3.10/site-packages/torch/autograd/graph.py", line 865, in _engine_run_backward
      return Variable._execution_engine.run_backward(  # Calls into the C++ engine to run the backward pass
    File "/home/phuc/workspace/moe/moe_ablations/torchtitan/env/lib/python3.10/site-packages/torch/autograd/function.py", line 317, in apply
      return user_fn(self, *args)
    File "/home/phuc/workspace/moe/moe_ablations/torchtitan/env/lib/python3.10/site-packages/torch/_functorch/_aot_autograd/runtime_wrappers.py", line 2338, in backward
      return impl_fn()
    File "/home/phuc/workspace/moe/moe_ablations/torchtitan/env/lib/python3.10/site-packages/torch/_functorch/_aot_autograd/runtime_wrappers.py", line 2324, in impl_fn
      out = CompiledFunction._backward_impl(ctx, all_args)
    File "/home/phuc/workspace/moe/moe_ablations/torchtitan/env/lib/python3.10/site-packages/torch/_functorch/_aot_autograd/runtime_wrappers.py", line 2494, in _backward_impl
      out = call_func_at_runtime_with_args(
    File "/home/phuc/workspace/moe/moe_ablations/torchtitan/env/lib/python3.10/site-packages/torch/_functorch/_aot_autograd/utils.py", line 134, in call_func_at_runtime_with_args
      out = normalize_as_list(f(args))
    File "/home/phuc/workspace/moe/moe_ablations/torchtitan/env/lib/python3.10/site-packages/torch/_dynamo/eval_frame.py", line 1191, in _fn
      return fn(*args, **kwargs)
    File "/home/phuc/workspace/moe/moe_ablations/torchtitan/env/lib/python3.10/site-packages/torch/_inductor/output_code.py", line 638, in __call__
      return self.current_callable(inputs)
    File "/home/phuc/workspace/moe/moe_ablations/torchtitan/env/lib/python3.10/site-packages/torch/_inductor/utils.py", line 3247, in run
      out = model(new_inputs)
    File "/tmp/torchinductor_id_ed25519_nous_work/gm/cgmsin4pxndldgcasvdfsakcnmab6ybhdu52c4ylkyw2tpztal7f.py", line 205, in call
      buf1 = empty_strided_cuda((393216, 151936), (151936, 1), torch.bfloat16)
  torch.OutOfMemoryError: CUDA out of memory. Tried to allocate 111.28 GiB. GPU 3 has a total capacity of 178.36 GiB of which 29.70 GiB is free. Including non-PyTorch memory, this process has 148.64 GiB memory in use. Of the allocated memory 146.43 GiB is allocated by PyTorch, and 91.98 MiB is reserved by PyTorch but unallocated. If reserved but unallocated memory is large try setting PYTORCH_ALLOC_CONF=expandable_segments:True to avoid fragmentation.  See documentation for Memory Management  (https://pytorch.org/docs/stable/notes/cuda.html#environment-variables)
  
[4]:
  time      : 2025-12-17_17:00:43
  host      : d2dfac12-022.cloud.together.ai
  rank      : 4 (local_rank: 4)
  exitcode  : 1 (pid: 1863094)
  error_file: /tmp/torchelastic_6uv3fw5i/none_43ljtk96/attempt_0/4/error.json
  traceback : Traceback (most recent call last):
    File "/home/phuc/workspace/moe/moe_ablations/torchtitan/env/lib/python3.10/site-packages/torch/distributed/elastic/multiprocessing/errors/__init__.py", line 362, in wrapper
      return f(*args, **kwargs)
    File "/home/phuc/workspace/moe/moe_ablations/torchtitan/torchtitan/train.py", line 772, in train
      self.train_step(data_iterator)
    File "/home/phuc/workspace/moe/moe_ablations/torchtitan/torchtitan/train.py", line 671, in train_step
      loss = self.forward_backward_step(input_dict, labels)
    File "/home/phuc/workspace/moe/moe_ablations/torchtitan/torchtitan/train.py", line 651, in forward_backward_step
      loss.backward()
    File "/home/phuc/workspace/moe/moe_ablations/torchtitan/env/lib/python3.10/site-packages/torch/_tensor.py", line 631, in backward
      torch.autograd.backward(
    File "/home/phuc/workspace/moe/moe_ablations/torchtitan/env/lib/python3.10/site-packages/torch/autograd/__init__.py", line 365, in backward
      _engine_run_backward(
    File "/home/phuc/workspace/moe/moe_ablations/torchtitan/env/lib/python3.10/site-packages/torch/autograd/graph.py", line 865, in _engine_run_backward
      return Variable._execution_engine.run_backward(  # Calls into the C++ engine to run the backward pass
    File "/home/phuc/workspace/moe/moe_ablations/torchtitan/env/lib/python3.10/site-packages/torch/autograd/function.py", line 317, in apply
      return user_fn(self, *args)
    File "/home/phuc/workspace/moe/moe_ablations/torchtitan/env/lib/python3.10/site-packages/torch/_functorch/_aot_autograd/runtime_wrappers.py", line 2338, in backward
      return impl_fn()
    File "/home/phuc/workspace/moe/moe_ablations/torchtitan/env/lib/python3.10/site-packages/torch/_functorch/_aot_autograd/runtime_wrappers.py", line 2324, in impl_fn
      out = CompiledFunction._backward_impl(ctx, all_args)
    File "/home/phuc/workspace/moe/moe_ablations/torchtitan/env/lib/python3.10/site-packages/torch/_functorch/_aot_autograd/runtime_wrappers.py", line 2494, in _backward_impl
      out = call_func_at_runtime_with_args(
    File "/home/phuc/workspace/moe/moe_ablations/torchtitan/env/lib/python3.10/site-packages/torch/_functorch/_aot_autograd/utils.py", line 134, in call_func_at_runtime_with_args
      out = normalize_as_list(f(args))
    File "/home/phuc/workspace/moe/moe_ablations/torchtitan/env/lib/python3.10/site-packages/torch/_dynamo/eval_frame.py", line 1191, in _fn
      return fn(*args, **kwargs)
    File "/home/phuc/workspace/moe/moe_ablations/torchtitan/env/lib/python3.10/site-packages/torch/_inductor/output_code.py", line 638, in __call__
      return self.current_callable(inputs)
    File "/home/phuc/workspace/moe/moe_ablations/torchtitan/env/lib/python3.10/site-packages/torch/_inductor/utils.py", line 3247, in run
      out = model(new_inputs)
    File "/tmp/torchinductor_id_ed25519_nous_work/df/cdf7l2r4pfyzvatjgp6w25t7ryfjuunkt7hausb7xvsglnn5uahv.py", line 205, in call
      buf1 = empty_strided_cuda((393216, 151936), (151936, 1), torch.bfloat16)
  torch.OutOfMemoryError: CUDA out of memory. Tried to allocate 111.28 GiB. GPU 4 has a total capacity of 178.36 GiB of which 29.70 GiB is free. Including non-PyTorch memory, this process has 148.64 GiB memory in use. Of the allocated memory 146.43 GiB is allocated by PyTorch, and 91.98 MiB is reserved by PyTorch but unallocated. If reserved but unallocated memory is large try setting PYTORCH_ALLOC_CONF=expandable_segments:True to avoid fragmentation.  See documentation for Memory Management  (https://pytorch.org/docs/stable/notes/cuda.html#environment-variables)
  
[5]:
  time      : 2025-12-17_17:00:43
  host      : d2dfac12-022.cloud.together.ai
  rank      : 5 (local_rank: 5)
  exitcode  : 1 (pid: 1863095)
  error_file: /tmp/torchelastic_6uv3fw5i/none_43ljtk96/attempt_0/5/error.json
  traceback : Traceback (most recent call last):
    File "/home/phuc/workspace/moe/moe_ablations/torchtitan/env/lib/python3.10/site-packages/torch/distributed/elastic/multiprocessing/errors/__init__.py", line 362, in wrapper
      return f(*args, **kwargs)
    File "/home/phuc/workspace/moe/moe_ablations/torchtitan/torchtitan/train.py", line 772, in train
      self.train_step(data_iterator)
    File "/home/phuc/workspace/moe/moe_ablations/torchtitan/torchtitan/train.py", line 671, in train_step
      loss = self.forward_backward_step(input_dict, labels)
    File "/home/phuc/workspace/moe/moe_ablations/torchtitan/torchtitan/train.py", line 651, in forward_backward_step
      loss.backward()
    File "/home/phuc/workspace/moe/moe_ablations/torchtitan/env/lib/python3.10/site-packages/torch/_tensor.py", line 631, in backward
      torch.autograd.backward(
    File "/home/phuc/workspace/moe/moe_ablations/torchtitan/env/lib/python3.10/site-packages/torch/autograd/__init__.py", line 365, in backward
      _engine_run_backward(
    File "/home/phuc/workspace/moe/moe_ablations/torchtitan/env/lib/python3.10/site-packages/torch/autograd/graph.py", line 865, in _engine_run_backward
      return Variable._execution_engine.run_backward(  # Calls into the C++ engine to run the backward pass
    File "/home/phuc/workspace/moe/moe_ablations/torchtitan/env/lib/python3.10/site-packages/torch/autograd/function.py", line 317, in apply
      return user_fn(self, *args)
    File "/home/phuc/workspace/moe/moe_ablations/torchtitan/env/lib/python3.10/site-packages/torch/_functorch/_aot_autograd/runtime_wrappers.py", line 2338, in backward
      return impl_fn()
    File "/home/phuc/workspace/moe/moe_ablations/torchtitan/env/lib/python3.10/site-packages/torch/_functorch/_aot_autograd/runtime_wrappers.py", line 2324, in impl_fn
      out = CompiledFunction._backward_impl(ctx, all_args)
    File "/home/phuc/workspace/moe/moe_ablations/torchtitan/env/lib/python3.10/site-packages/torch/_functorch/_aot_autograd/runtime_wrappers.py", line 2494, in _backward_impl
      out = call_func_at_runtime_with_args(
    File "/home/phuc/workspace/moe/moe_ablations/torchtitan/env/lib/python3.10/site-packages/torch/_functorch/_aot_autograd/utils.py", line 134, in call_func_at_runtime_with_args
      out = normalize_as_list(f(args))
    File "/home/phuc/workspace/moe/moe_ablations/torchtitan/env/lib/python3.10/site-packages/torch/_dynamo/eval_frame.py", line 1191, in _fn
      return fn(*args, **kwargs)
    File "/home/phuc/workspace/moe/moe_ablations/torchtitan/env/lib/python3.10/site-packages/torch/_inductor/output_code.py", line 638, in __call__
      return self.current_callable(inputs)
    File "/home/phuc/workspace/moe/moe_ablations/torchtitan/env/lib/python3.10/site-packages/torch/_inductor/utils.py", line 3247, in run
      out = model(new_inputs)
    File "/tmp/torchinductor_id_ed25519_nous_work/d4/cd4y6kk3s5revkagrff53uvyzbu4hw5pchuy535vzdysdo5t4vhf.py", line 205, in call
      buf1 = empty_strided_cuda((393216, 151936), (151936, 1), torch.bfloat16)
  torch.OutOfMemoryError: CUDA out of memory. Tried to allocate 111.28 GiB. GPU 5 has a total capacity of 178.36 GiB of which 29.70 GiB is free. Including non-PyTorch memory, this process has 148.64 GiB memory in use. Of the allocated memory 146.43 GiB is allocated by PyTorch, and 91.98 MiB is reserved by PyTorch but unallocated. If reserved but unallocated memory is large try setting PYTORCH_ALLOC_CONF=expandable_segments:True to avoid fragmentation.  See documentation for Memory Management  (https://pytorch.org/docs/stable/notes/cuda.html#environment-variables)
  
[6]:
  time      : 2025-12-17_17:00:42
  host      : d2dfac12-022.cloud.together.ai
  rank      : 6 (local_rank: 6)
  exitcode  : 1 (pid: 1863096)
  error_file: /tmp/torchelastic_6uv3fw5i/none_43ljtk96/attempt_0/6/error.json
  traceback : Traceback (most recent call last):
    File "/home/phuc/workspace/moe/moe_ablations/torchtitan/env/lib/python3.10/site-packages/torch/distributed/elastic/multiprocessing/errors/__init__.py", line 362, in wrapper
      return f(*args, **kwargs)
    File "/home/phuc/workspace/moe/moe_ablations/torchtitan/torchtitan/train.py", line 772, in train
      self.train_step(data_iterator)
    File "/home/phuc/workspace/moe/moe_ablations/torchtitan/torchtitan/train.py", line 671, in train_step
      loss = self.forward_backward_step(input_dict, labels)
    File "/home/phuc/workspace/moe/moe_ablations/torchtitan/torchtitan/train.py", line 651, in forward_backward_step
      loss.backward()
    File "/home/phuc/workspace/moe/moe_ablations/torchtitan/env/lib/python3.10/site-packages/torch/_tensor.py", line 631, in backward
      torch.autograd.backward(
    File "/home/phuc/workspace/moe/moe_ablations/torchtitan/env/lib/python3.10/site-packages/torch/autograd/__init__.py", line 365, in backward
      _engine_run_backward(
    File "/home/phuc/workspace/moe/moe_ablations/torchtitan/env/lib/python3.10/site-packages/torch/autograd/graph.py", line 865, in _engine_run_backward
      return Variable._execution_engine.run_backward(  # Calls into the C++ engine to run the backward pass
    File "/home/phuc/workspace/moe/moe_ablations/torchtitan/env/lib/python3.10/site-packages/torch/autograd/function.py", line 317, in apply
      return user_fn(self, *args)
    File "/home/phuc/workspace/moe/moe_ablations/torchtitan/env/lib/python3.10/site-packages/torch/_functorch/_aot_autograd/runtime_wrappers.py", line 2338, in backward
      return impl_fn()
    File "/home/phuc/workspace/moe/moe_ablations/torchtitan/env/lib/python3.10/site-packages/torch/_functorch/_aot_autograd/runtime_wrappers.py", line 2324, in impl_fn
      out = CompiledFunction._backward_impl(ctx, all_args)
    File "/home/phuc/workspace/moe/moe_ablations/torchtitan/env/lib/python3.10/site-packages/torch/_functorch/_aot_autograd/runtime_wrappers.py", line 2494, in _backward_impl
      out = call_func_at_runtime_with_args(
    File "/home/phuc/workspace/moe/moe_ablations/torchtitan/env/lib/python3.10/site-packages/torch/_functorch/_aot_autograd/utils.py", line 134, in call_func_at_runtime_with_args
      out = normalize_as_list(f(args))
    File "/home/phuc/workspace/moe/moe_ablations/torchtitan/env/lib/python3.10/site-packages/torch/_dynamo/eval_frame.py", line 1191, in _fn
      return fn(*args, **kwargs)
    File "/home/phuc/workspace/moe/moe_ablations/torchtitan/env/lib/python3.10/site-packages/torch/_inductor/output_code.py", line 638, in __call__
      return self.current_callable(inputs)
    File "/home/phuc/workspace/moe/moe_ablations/torchtitan/env/lib/python3.10/site-packages/torch/_inductor/utils.py", line 3247, in run
      out = model(new_inputs)
    File "/tmp/torchinductor_id_ed25519_nous_work/3f/c3fxjwwn6nk7fz7pu3hnynxogde7kkk2kqnzxprchdnecbes4nc7.py", line 205, in call
      buf1 = empty_strided_cuda((393216, 151936), (151936, 1), torch.bfloat16)
  torch.OutOfMemoryError: CUDA out of memory. Tried to allocate 111.28 GiB. GPU 6 has a total capacity of 178.36 GiB of which 29.70 GiB is free. Including non-PyTorch memory, this process has 148.64 GiB memory in use. Of the allocated memory 146.43 GiB is allocated by PyTorch, and 91.98 MiB is reserved by PyTorch but unallocated. If reserved but unallocated memory is large try setting PYTORCH_ALLOC_CONF=expandable_segments:True to avoid fragmentation.  See documentation for Memory Management  (https://pytorch.org/docs/stable/notes/cuda.html#environment-variables)
  
[7]:
  time      : 2025-12-17_17:00:43
  host      : d2dfac12-022.cloud.together.ai
  rank      : 7 (local_rank: 7)
  exitcode  : 1 (pid: 1863097)
  error_file: /tmp/torchelastic_6uv3fw5i/none_43ljtk96/attempt_0/7/error.json
  traceback : Traceback (most recent call last):
    File "/home/phuc/workspace/moe/moe_ablations/torchtitan/env/lib/python3.10/site-packages/torch/distributed/elastic/multiprocessing/errors/__init__.py", line 362, in wrapper
      return f(*args, **kwargs)
    File "/home/phuc/workspace/moe/moe_ablations/torchtitan/torchtitan/train.py", line 772, in train
      self.train_step(data_iterator)
    File "/home/phuc/workspace/moe/moe_ablations/torchtitan/torchtitan/train.py", line 671, in train_step
      loss = self.forward_backward_step(input_dict, labels)
    File "/home/phuc/workspace/moe/moe_ablations/torchtitan/torchtitan/train.py", line 651, in forward_backward_step
      loss.backward()
    File "/home/phuc/workspace/moe/moe_ablations/torchtitan/env/lib/python3.10/site-packages/torch/_tensor.py", line 631, in backward
      torch.autograd.backward(
    File "/home/phuc/workspace/moe/moe_ablations/torchtitan/env/lib/python3.10/site-packages/torch/autograd/__init__.py", line 365, in backward
      _engine_run_backward(
    File "/home/phuc/workspace/moe/moe_ablations/torchtitan/env/lib/python3.10/site-packages/torch/autograd/graph.py", line 865, in _engine_run_backward
      return Variable._execution_engine.run_backward(  # Calls into the C++ engine to run the backward pass
    File "/home/phuc/workspace/moe/moe_ablations/torchtitan/env/lib/python3.10/site-packages/torch/autograd/function.py", line 317, in apply
      return user_fn(self, *args)
    File "/home/phuc/workspace/moe/moe_ablations/torchtitan/env/lib/python3.10/site-packages/torch/_functorch/_aot_autograd/runtime_wrappers.py", line 2338, in backward
      return impl_fn()
    File "/home/phuc/workspace/moe/moe_ablations/torchtitan/env/lib/python3.10/site-packages/torch/_functorch/_aot_autograd/runtime_wrappers.py", line 2324, in impl_fn
      out = CompiledFunction._backward_impl(ctx, all_args)
    File "/home/phuc/workspace/moe/moe_ablations/torchtitan/env/lib/python3.10/site-packages/torch/_functorch/_aot_autograd/runtime_wrappers.py", line 2494, in _backward_impl
      out = call_func_at_runtime_with_args(
    File "/home/phuc/workspace/moe/moe_ablations/torchtitan/env/lib/python3.10/site-packages/torch/_functorch/_aot_autograd/utils.py", line 134, in call_func_at_runtime_with_args
      out = normalize_as_list(f(args))
    File "/home/phuc/workspace/moe/moe_ablations/torchtitan/env/lib/python3.10/site-packages/torch/_dynamo/eval_frame.py", line 1191, in _fn
      return fn(*args, **kwargs)
    File "/home/phuc/workspace/moe/moe_ablations/torchtitan/env/lib/python3.10/site-packages/torch/_inductor/output_code.py", line 638, in __call__
      return self.current_callable(inputs)
    File "/home/phuc/workspace/moe/moe_ablations/torchtitan/env/lib/python3.10/site-packages/torch/_inductor/utils.py", line 3247, in run
      out = model(new_inputs)
    File "/tmp/torchinductor_id_ed25519_nous_work/fs/cfsi6axreb2f5n5uc37ulkvursaa4k3kppi4mb5og64umz6prawd.py", line 205, in call
      buf1 = empty_strided_cuda((393216, 151936), (151936, 1), torch.bfloat16)
  torch.OutOfMemoryError: CUDA out of memory. Tried to allocate 111.28 GiB. GPU 7 has a total capacity of 178.36 GiB of which 29.70 GiB is free. Including non-PyTorch memory, this process has 148.64 GiB memory in use. Of the allocated memory 146.43 GiB is allocated by PyTorch, and 91.98 MiB is reserved by PyTorch but unallocated. If reserved but unallocated memory is large try setting PYTORCH_ALLOC_CONF=expandable_segments:True to avoid fragmentation.  See documentation for Memory Management  (https://pytorch.org/docs/stable/notes/cuda.html#environment-variables)
  
------------------------------------------------------------
Root Cause (first observed failure):
[0]:
  time      : 2025-12-17_17:00:42
  host      : d2dfac12-022.cloud.together.ai
  rank      : 1 (local_rank: 1)
  exitcode  : 1 (pid: 1863091)
  error_file: /tmp/torchelastic_6uv3fw5i/none_43ljtk96/attempt_0/1/error.json
  traceback : Traceback (most recent call last):
    File "/home/phuc/workspace/moe/moe_ablations/torchtitan/env/lib/python3.10/site-packages/torch/distributed/elastic/multiprocessing/errors/__init__.py", line 362, in wrapper
      return f(*args, **kwargs)
    File "/home/phuc/workspace/moe/moe_ablations/torchtitan/torchtitan/train.py", line 772, in train
      self.train_step(data_iterator)
    File "/home/phuc/workspace/moe/moe_ablations/torchtitan/torchtitan/train.py", line 671, in train_step
      loss = self.forward_backward_step(input_dict, labels)
    File "/home/phuc/workspace/moe/moe_ablations/torchtitan/torchtitan/train.py", line 651, in forward_backward_step
      loss.backward()
    File "/home/phuc/workspace/moe/moe_ablations/torchtitan/env/lib/python3.10/site-packages/torch/_tensor.py", line 631, in backward
      torch.autograd.backward(
    File "/home/phuc/workspace/moe/moe_ablations/torchtitan/env/lib/python3.10/site-packages/torch/autograd/__init__.py", line 365, in backward
      _engine_run_backward(
    File "/home/phuc/workspace/moe/moe_ablations/torchtitan/env/lib/python3.10/site-packages/torch/autograd/graph.py", line 865, in _engine_run_backward
      return Variable._execution_engine.run_backward(  # Calls into the C++ engine to run the backward pass
    File "/home/phuc/workspace/moe/moe_ablations/torchtitan/env/lib/python3.10/site-packages/torch/autograd/function.py", line 317, in apply
      return user_fn(self, *args)
    File "/home/phuc/workspace/moe/moe_ablations/torchtitan/env/lib/python3.10/site-packages/torch/_functorch/_aot_autograd/runtime_wrappers.py", line 2338, in backward
      return impl_fn()
    File "/home/phuc/workspace/moe/moe_ablations/torchtitan/env/lib/python3.10/site-packages/torch/_functorch/_aot_autograd/runtime_wrappers.py", line 2324, in impl_fn
      out = CompiledFunction._backward_impl(ctx, all_args)
    File "/home/phuc/workspace/moe/moe_ablations/torchtitan/env/lib/python3.10/site-packages/torch/_functorch/_aot_autograd/runtime_wrappers.py", line 2494, in _backward_impl
      out = call_func_at_runtime_with_args(
    File "/home/phuc/workspace/moe/moe_ablations/torchtitan/env/lib/python3.10/site-packages/torch/_functorch/_aot_autograd/utils.py", line 134, in call_func_at_runtime_with_args
      out = normalize_as_list(f(args))
    File "/home/phuc/workspace/moe/moe_ablations/torchtitan/env/lib/python3.10/site-packages/torch/_dynamo/eval_frame.py", line 1191, in _fn
      return fn(*args, **kwargs)
    File "/home/phuc/workspace/moe/moe_ablations/torchtitan/env/lib/python3.10/site-packages/torch/_inductor/output_code.py", line 638, in __call__
      return self.current_callable(inputs)
    File "/home/phuc/workspace/moe/moe_ablations/torchtitan/env/lib/python3.10/site-packages/torch/_inductor/utils.py", line 3247, in run
      out = model(new_inputs)
    File "/tmp/torchinductor_id_ed25519_nous_work/d5/cd5ugfbjwuuam355grdpqejopmrrkcavus4to6ypshmywhl4ds3b.py", line 205, in call
      buf1 = empty_strided_cuda((393216, 151936), (151936, 1), torch.bfloat16)
  torch.OutOfMemoryError: CUDA out of memory. Tried to allocate 111.28 GiB. GPU 1 has a total capacity of 178.36 GiB of which 29.70 GiB is free. Including non-PyTorch memory, this process has 148.64 GiB memory in use. Of the allocated memory 146.43 GiB is allocated by PyTorch, and 91.98 MiB is reserved by PyTorch but unallocated. If reserved but unallocated memory is large try setting PYTORCH_ALLOC_CONF=expandable_segments:True to avoid fragmentation.  See documentation for Memory Management  (https://pytorch.org/docs/stable/notes/cuda.html#environment-variables)
  
============================================================
